Archive member included to satisfy reference by file (symbol)

c:/st/stm32cubeide_1.8.0/stm32cubeide/plugins/com.st.stm32cube.ide.mcu.externaltools.gnu-tools-for-stm32.9-2020-q2-update.win32_2.0.0.202105311346/tools/bin/../lib/gcc/arm-none-eabi/9.3.1/../../../../arm-none-eabi/lib/thumb/v7e-m+fp/hard\libc_nano.a(lib_a-errno.o)
                              ./Src/syscalls.o (__errno)
c:/st/stm32cubeide_1.8.0/stm32cubeide/plugins/com.st.stm32cube.ide.mcu.externaltools.gnu-tools-for-stm32.9-2020-q2-update.win32_2.0.0.202105311346/tools/bin/../lib/gcc/arm-none-eabi/9.3.1/../../../../arm-none-eabi/lib/thumb/v7e-m+fp/hard\libc_nano.a(lib_a-exit.o)
                              c:/st/stm32cubeide_1.8.0/stm32cubeide/plugins/com.st.stm32cube.ide.mcu.externaltools.gnu-tools-for-stm32.9-2020-q2-update.win32_2.0.0.202105311346/tools/bin/../lib/gcc/arm-none-eabi/9.3.1/../../../../arm-none-eabi/lib/thumb/v7e-m+fp/hard/crt0.o (exit)
c:/st/stm32cubeide_1.8.0/stm32cubeide/plugins/com.st.stm32cube.ide.mcu.externaltools.gnu-tools-for-stm32.9-2020-q2-update.win32_2.0.0.202105311346/tools/bin/../lib/gcc/arm-none-eabi/9.3.1/../../../../arm-none-eabi/lib/thumb/v7e-m+fp/hard\libc_nano.a(lib_a-impure.o)
                              c:/st/stm32cubeide_1.8.0/stm32cubeide/plugins/com.st.stm32cube.ide.mcu.externaltools.gnu-tools-for-stm32.9-2020-q2-update.win32_2.0.0.202105311346/tools/bin/../lib/gcc/arm-none-eabi/9.3.1/../../../../arm-none-eabi/lib/thumb/v7e-m+fp/hard\libc_nano.a(lib_a-exit.o) (_global_impure_ptr)
c:/st/stm32cubeide_1.8.0/stm32cubeide/plugins/com.st.stm32cube.ide.mcu.externaltools.gnu-tools-for-stm32.9-2020-q2-update.win32_2.0.0.202105311346/tools/bin/../lib/gcc/arm-none-eabi/9.3.1/../../../../arm-none-eabi/lib/thumb/v7e-m+fp/hard\libc_nano.a(lib_a-init.o)
                              c:/st/stm32cubeide_1.8.0/stm32cubeide/plugins/com.st.stm32cube.ide.mcu.externaltools.gnu-tools-for-stm32.9-2020-q2-update.win32_2.0.0.202105311346/tools/bin/../lib/gcc/arm-none-eabi/9.3.1/../../../../arm-none-eabi/lib/thumb/v7e-m+fp/hard/crt0.o (__libc_init_array)
c:/st/stm32cubeide_1.8.0/stm32cubeide/plugins/com.st.stm32cube.ide.mcu.externaltools.gnu-tools-for-stm32.9-2020-q2-update.win32_2.0.0.202105311346/tools/bin/../lib/gcc/arm-none-eabi/9.3.1/../../../../arm-none-eabi/lib/thumb/v7e-m+fp/hard\libc_nano.a(lib_a-memset.o)
                              c:/st/stm32cubeide_1.8.0/stm32cubeide/plugins/com.st.stm32cube.ide.mcu.externaltools.gnu-tools-for-stm32.9-2020-q2-update.win32_2.0.0.202105311346/tools/bin/../lib/gcc/arm-none-eabi/9.3.1/../../../../arm-none-eabi/lib/thumb/v7e-m+fp/hard/crt0.o (memset)

Discarded input sections

 .text          0x0000000000000000        0x0 c:/st/stm32cubeide_1.8.0/stm32cubeide/plugins/com.st.stm32cube.ide.mcu.externaltools.gnu-tools-for-stm32.9-2020-q2-update.win32_2.0.0.202105311346/tools/bin/../lib/gcc/arm-none-eabi/9.3.1/thumb/v7e-m+fp/hard/crti.o
 .data          0x0000000000000000        0x0 c:/st/stm32cubeide_1.8.0/stm32cubeide/plugins/com.st.stm32cube.ide.mcu.externaltools.gnu-tools-for-stm32.9-2020-q2-update.win32_2.0.0.202105311346/tools/bin/../lib/gcc/arm-none-eabi/9.3.1/thumb/v7e-m+fp/hard/crti.o
 .bss           0x0000000000000000        0x0 c:/st/stm32cubeide_1.8.0/stm32cubeide/plugins/com.st.stm32cube.ide.mcu.externaltools.gnu-tools-for-stm32.9-2020-q2-update.win32_2.0.0.202105311346/tools/bin/../lib/gcc/arm-none-eabi/9.3.1/thumb/v7e-m+fp/hard/crti.o
 .data          0x0000000000000000        0x4 c:/st/stm32cubeide_1.8.0/stm32cubeide/plugins/com.st.stm32cube.ide.mcu.externaltools.gnu-tools-for-stm32.9-2020-q2-update.win32_2.0.0.202105311346/tools/bin/../lib/gcc/arm-none-eabi/9.3.1/thumb/v7e-m+fp/hard/crtbegin.o
 .text          0x0000000000000000       0x7c c:/st/stm32cubeide_1.8.0/stm32cubeide/plugins/com.st.stm32cube.ide.mcu.externaltools.gnu-tools-for-stm32.9-2020-q2-update.win32_2.0.0.202105311346/tools/bin/../lib/gcc/arm-none-eabi/9.3.1/../../../../arm-none-eabi/lib/thumb/v7e-m+fp/hard/crt0.o
 .data          0x0000000000000000        0x0 c:/st/stm32cubeide_1.8.0/stm32cubeide/plugins/com.st.stm32cube.ide.mcu.externaltools.gnu-tools-for-stm32.9-2020-q2-update.win32_2.0.0.202105311346/tools/bin/../lib/gcc/arm-none-eabi/9.3.1/../../../../arm-none-eabi/lib/thumb/v7e-m+fp/hard/crt0.o
 .bss           0x0000000000000000        0x0 c:/st/stm32cubeide_1.8.0/stm32cubeide/plugins/com.st.stm32cube.ide.mcu.externaltools.gnu-tools-for-stm32.9-2020-q2-update.win32_2.0.0.202105311346/tools/bin/../lib/gcc/arm-none-eabi/9.3.1/../../../../arm-none-eabi/lib/thumb/v7e-m+fp/hard/crt0.o
 .ARM.extab     0x0000000000000000        0x0 c:/st/stm32cubeide_1.8.0/stm32cubeide/plugins/com.st.stm32cube.ide.mcu.externaltools.gnu-tools-for-stm32.9-2020-q2-update.win32_2.0.0.202105311346/tools/bin/../lib/gcc/arm-none-eabi/9.3.1/../../../../arm-none-eabi/lib/thumb/v7e-m+fp/hard/crt0.o
 .ARM.exidx     0x0000000000000000       0x10 c:/st/stm32cubeide_1.8.0/stm32cubeide/plugins/com.st.stm32cube.ide.mcu.externaltools.gnu-tools-for-stm32.9-2020-q2-update.win32_2.0.0.202105311346/tools/bin/../lib/gcc/arm-none-eabi/9.3.1/../../../../arm-none-eabi/lib/thumb/v7e-m+fp/hard/crt0.o
 .ARM.attributes
                0x0000000000000000       0x1c c:/st/stm32cubeide_1.8.0/stm32cubeide/plugins/com.st.stm32cube.ide.mcu.externaltools.gnu-tools-for-stm32.9-2020-q2-update.win32_2.0.0.202105311346/tools/bin/../lib/gcc/arm-none-eabi/9.3.1/../../../../arm-none-eabi/lib/thumb/v7e-m+fp/hard/crt0.o
 .group         0x0000000000000000        0xc ./Drivers/STM32F3xx_LL_Driver/Src/stm32f3xx_ll_adc.o
 .text          0x0000000000000000        0x0 ./Drivers/STM32F3xx_LL_Driver/Src/stm32f3xx_ll_adc.o
 .data          0x0000000000000000        0x0 ./Drivers/STM32F3xx_LL_Driver/Src/stm32f3xx_ll_adc.o
 .bss           0x0000000000000000        0x0 ./Drivers/STM32F3xx_LL_Driver/Src/stm32f3xx_ll_adc.o
 .debug_info    0x0000000000000000       0x21 ./Drivers/STM32F3xx_LL_Driver/Src/stm32f3xx_ll_adc.o
 .debug_abbrev  0x0000000000000000       0x13 ./Drivers/STM32F3xx_LL_Driver/Src/stm32f3xx_ll_adc.o
 .debug_aranges
                0x0000000000000000       0x18 ./Drivers/STM32F3xx_LL_Driver/Src/stm32f3xx_ll_adc.o
 .debug_macro   0x0000000000000000       0x11 ./Drivers/STM32F3xx_LL_Driver/Src/stm32f3xx_ll_adc.o
 .debug_macro   0x0000000000000000      0xab4 ./Drivers/STM32F3xx_LL_Driver/Src/stm32f3xx_ll_adc.o
 .debug_line    0x0000000000000000       0x56 ./Drivers/STM32F3xx_LL_Driver/Src/stm32f3xx_ll_adc.o
 .debug_str     0x0000000000000000     0x2de5 ./Drivers/STM32F3xx_LL_Driver/Src/stm32f3xx_ll_adc.o
 .comment       0x0000000000000000       0x54 ./Drivers/STM32F3xx_LL_Driver/Src/stm32f3xx_ll_adc.o
 .ARM.attributes
                0x0000000000000000       0x39 ./Drivers/STM32F3xx_LL_Driver/Src/stm32f3xx_ll_adc.o
 .group         0x0000000000000000        0xc ./Drivers/STM32F3xx_LL_Driver/Src/stm32f3xx_ll_comp.o
 .text          0x0000000000000000        0x0 ./Drivers/STM32F3xx_LL_Driver/Src/stm32f3xx_ll_comp.o
 .data          0x0000000000000000        0x0 ./Drivers/STM32F3xx_LL_Driver/Src/stm32f3xx_ll_comp.o
 .bss           0x0000000000000000        0x0 ./Drivers/STM32F3xx_LL_Driver/Src/stm32f3xx_ll_comp.o
 .debug_info    0x0000000000000000       0x21 ./Drivers/STM32F3xx_LL_Driver/Src/stm32f3xx_ll_comp.o
 .debug_abbrev  0x0000000000000000       0x13 ./Drivers/STM32F3xx_LL_Driver/Src/stm32f3xx_ll_comp.o
 .debug_aranges
                0x0000000000000000       0x18 ./Drivers/STM32F3xx_LL_Driver/Src/stm32f3xx_ll_comp.o
 .debug_macro   0x0000000000000000       0x11 ./Drivers/STM32F3xx_LL_Driver/Src/stm32f3xx_ll_comp.o
 .debug_macro   0x0000000000000000      0xab4 ./Drivers/STM32F3xx_LL_Driver/Src/stm32f3xx_ll_comp.o
 .debug_line    0x0000000000000000       0x57 ./Drivers/STM32F3xx_LL_Driver/Src/stm32f3xx_ll_comp.o
 .debug_str     0x0000000000000000     0x2de6 ./Drivers/STM32F3xx_LL_Driver/Src/stm32f3xx_ll_comp.o
 .comment       0x0000000000000000       0x54 ./Drivers/STM32F3xx_LL_Driver/Src/stm32f3xx_ll_comp.o
 .ARM.attributes
                0x0000000000000000       0x39 ./Drivers/STM32F3xx_LL_Driver/Src/stm32f3xx_ll_comp.o
 .group         0x0000000000000000        0xc ./Drivers/STM32F3xx_LL_Driver/Src/stm32f3xx_ll_crc.o
 .text          0x0000000000000000        0x0 ./Drivers/STM32F3xx_LL_Driver/Src/stm32f3xx_ll_crc.o
 .data          0x0000000000000000        0x0 ./Drivers/STM32F3xx_LL_Driver/Src/stm32f3xx_ll_crc.o
 .bss           0x0000000000000000        0x0 ./Drivers/STM32F3xx_LL_Driver/Src/stm32f3xx_ll_crc.o
 .debug_info    0x0000000000000000       0x21 ./Drivers/STM32F3xx_LL_Driver/Src/stm32f3xx_ll_crc.o
 .debug_abbrev  0x0000000000000000       0x13 ./Drivers/STM32F3xx_LL_Driver/Src/stm32f3xx_ll_crc.o
 .debug_aranges
                0x0000000000000000       0x18 ./Drivers/STM32F3xx_LL_Driver/Src/stm32f3xx_ll_crc.o
 .debug_macro   0x0000000000000000       0x11 ./Drivers/STM32F3xx_LL_Driver/Src/stm32f3xx_ll_crc.o
 .debug_macro   0x0000000000000000      0xab4 ./Drivers/STM32F3xx_LL_Driver/Src/stm32f3xx_ll_crc.o
 .debug_line    0x0000000000000000       0x56 ./Drivers/STM32F3xx_LL_Driver/Src/stm32f3xx_ll_crc.o
 .debug_str     0x0000000000000000     0x2de5 ./Drivers/STM32F3xx_LL_Driver/Src/stm32f3xx_ll_crc.o
 .comment       0x0000000000000000       0x54 ./Drivers/STM32F3xx_LL_Driver/Src/stm32f3xx_ll_crc.o
 .ARM.attributes
                0x0000000000000000       0x39 ./Drivers/STM32F3xx_LL_Driver/Src/stm32f3xx_ll_crc.o
 .group         0x0000000000000000        0xc ./Drivers/STM32F3xx_LL_Driver/Src/stm32f3xx_ll_dac.o
 .text          0x0000000000000000        0x0 ./Drivers/STM32F3xx_LL_Driver/Src/stm32f3xx_ll_dac.o
 .data          0x0000000000000000        0x0 ./Drivers/STM32F3xx_LL_Driver/Src/stm32f3xx_ll_dac.o
 .bss           0x0000000000000000        0x0 ./Drivers/STM32F3xx_LL_Driver/Src/stm32f3xx_ll_dac.o
 .debug_info    0x0000000000000000       0x21 ./Drivers/STM32F3xx_LL_Driver/Src/stm32f3xx_ll_dac.o
 .debug_abbrev  0x0000000000000000       0x13 ./Drivers/STM32F3xx_LL_Driver/Src/stm32f3xx_ll_dac.o
 .debug_aranges
                0x0000000000000000       0x18 ./Drivers/STM32F3xx_LL_Driver/Src/stm32f3xx_ll_dac.o
 .debug_macro   0x0000000000000000       0x11 ./Drivers/STM32F3xx_LL_Driver/Src/stm32f3xx_ll_dac.o
 .debug_macro   0x0000000000000000      0xab4 ./Drivers/STM32F3xx_LL_Driver/Src/stm32f3xx_ll_dac.o
 .debug_line    0x0000000000000000       0x56 ./Drivers/STM32F3xx_LL_Driver/Src/stm32f3xx_ll_dac.o
 .debug_str     0x0000000000000000     0x2de5 ./Drivers/STM32F3xx_LL_Driver/Src/stm32f3xx_ll_dac.o
 .comment       0x0000000000000000       0x54 ./Drivers/STM32F3xx_LL_Driver/Src/stm32f3xx_ll_dac.o
 .ARM.attributes
                0x0000000000000000       0x39 ./Drivers/STM32F3xx_LL_Driver/Src/stm32f3xx_ll_dac.o
 .group         0x0000000000000000        0xc ./Drivers/STM32F3xx_LL_Driver/Src/stm32f3xx_ll_dma.o
 .text          0x0000000000000000        0x0 ./Drivers/STM32F3xx_LL_Driver/Src/stm32f3xx_ll_dma.o
 .data          0x0000000000000000        0x0 ./Drivers/STM32F3xx_LL_Driver/Src/stm32f3xx_ll_dma.o
 .bss           0x0000000000000000        0x0 ./Drivers/STM32F3xx_LL_Driver/Src/stm32f3xx_ll_dma.o
 .debug_info    0x0000000000000000       0x21 ./Drivers/STM32F3xx_LL_Driver/Src/stm32f3xx_ll_dma.o
 .debug_abbrev  0x0000000000000000       0x13 ./Drivers/STM32F3xx_LL_Driver/Src/stm32f3xx_ll_dma.o
 .debug_aranges
                0x0000000000000000       0x18 ./Drivers/STM32F3xx_LL_Driver/Src/stm32f3xx_ll_dma.o
 .debug_macro   0x0000000000000000       0x11 ./Drivers/STM32F3xx_LL_Driver/Src/stm32f3xx_ll_dma.o
 .debug_macro   0x0000000000000000      0xab4 ./Drivers/STM32F3xx_LL_Driver/Src/stm32f3xx_ll_dma.o
 .debug_line    0x0000000000000000       0x56 ./Drivers/STM32F3xx_LL_Driver/Src/stm32f3xx_ll_dma.o
 .debug_str     0x0000000000000000     0x2de5 ./Drivers/STM32F3xx_LL_Driver/Src/stm32f3xx_ll_dma.o
 .comment       0x0000000000000000       0x54 ./Drivers/STM32F3xx_LL_Driver/Src/stm32f3xx_ll_dma.o
 .ARM.attributes
                0x0000000000000000       0x39 ./Drivers/STM32F3xx_LL_Driver/Src/stm32f3xx_ll_dma.o
 .group         0x0000000000000000        0xc ./Drivers/STM32F3xx_LL_Driver/Src/stm32f3xx_ll_exti.o
 .text          0x0000000000000000        0x0 ./Drivers/STM32F3xx_LL_Driver/Src/stm32f3xx_ll_exti.o
 .data          0x0000000000000000        0x0 ./Drivers/STM32F3xx_LL_Driver/Src/stm32f3xx_ll_exti.o
 .bss           0x0000000000000000        0x0 ./Drivers/STM32F3xx_LL_Driver/Src/stm32f3xx_ll_exti.o
 .debug_info    0x0000000000000000       0x21 ./Drivers/STM32F3xx_LL_Driver/Src/stm32f3xx_ll_exti.o
 .debug_abbrev  0x0000000000000000       0x13 ./Drivers/STM32F3xx_LL_Driver/Src/stm32f3xx_ll_exti.o
 .debug_aranges
                0x0000000000000000       0x18 ./Drivers/STM32F3xx_LL_Driver/Src/stm32f3xx_ll_exti.o
 .debug_macro   0x0000000000000000       0x11 ./Drivers/STM32F3xx_LL_Driver/Src/stm32f3xx_ll_exti.o
 .debug_macro   0x0000000000000000      0xab4 ./Drivers/STM32F3xx_LL_Driver/Src/stm32f3xx_ll_exti.o
 .debug_line    0x0000000000000000       0x57 ./Drivers/STM32F3xx_LL_Driver/Src/stm32f3xx_ll_exti.o
 .debug_str     0x0000000000000000     0x2de6 ./Drivers/STM32F3xx_LL_Driver/Src/stm32f3xx_ll_exti.o
 .comment       0x0000000000000000       0x54 ./Drivers/STM32F3xx_LL_Driver/Src/stm32f3xx_ll_exti.o
 .ARM.attributes
                0x0000000000000000       0x39 ./Drivers/STM32F3xx_LL_Driver/Src/stm32f3xx_ll_exti.o
 .group         0x0000000000000000        0xc ./Drivers/STM32F3xx_LL_Driver/Src/stm32f3xx_ll_gpio.o
 .text          0x0000000000000000        0x0 ./Drivers/STM32F3xx_LL_Driver/Src/stm32f3xx_ll_gpio.o
 .data          0x0000000000000000        0x0 ./Drivers/STM32F3xx_LL_Driver/Src/stm32f3xx_ll_gpio.o
 .bss           0x0000000000000000        0x0 ./Drivers/STM32F3xx_LL_Driver/Src/stm32f3xx_ll_gpio.o
 .debug_info    0x0000000000000000       0x21 ./Drivers/STM32F3xx_LL_Driver/Src/stm32f3xx_ll_gpio.o
 .debug_abbrev  0x0000000000000000       0x13 ./Drivers/STM32F3xx_LL_Driver/Src/stm32f3xx_ll_gpio.o
 .debug_aranges
                0x0000000000000000       0x18 ./Drivers/STM32F3xx_LL_Driver/Src/stm32f3xx_ll_gpio.o
 .debug_macro   0x0000000000000000       0x11 ./Drivers/STM32F3xx_LL_Driver/Src/stm32f3xx_ll_gpio.o
 .debug_macro   0x0000000000000000      0xab4 ./Drivers/STM32F3xx_LL_Driver/Src/stm32f3xx_ll_gpio.o
 .debug_line    0x0000000000000000       0x57 ./Drivers/STM32F3xx_LL_Driver/Src/stm32f3xx_ll_gpio.o
 .debug_str     0x0000000000000000     0x2de6 ./Drivers/STM32F3xx_LL_Driver/Src/stm32f3xx_ll_gpio.o
 .comment       0x0000000000000000       0x54 ./Drivers/STM32F3xx_LL_Driver/Src/stm32f3xx_ll_gpio.o
 .ARM.attributes
                0x0000000000000000       0x39 ./Drivers/STM32F3xx_LL_Driver/Src/stm32f3xx_ll_gpio.o
 .group         0x0000000000000000        0xc ./Drivers/STM32F3xx_LL_Driver/Src/stm32f3xx_ll_hrtim.o
 .text          0x0000000000000000        0x0 ./Drivers/STM32F3xx_LL_Driver/Src/stm32f3xx_ll_hrtim.o
 .data          0x0000000000000000        0x0 ./Drivers/STM32F3xx_LL_Driver/Src/stm32f3xx_ll_hrtim.o
 .bss           0x0000000000000000        0x0 ./Drivers/STM32F3xx_LL_Driver/Src/stm32f3xx_ll_hrtim.o
 .debug_info    0x0000000000000000       0x21 ./Drivers/STM32F3xx_LL_Driver/Src/stm32f3xx_ll_hrtim.o
 .debug_abbrev  0x0000000000000000       0x13 ./Drivers/STM32F3xx_LL_Driver/Src/stm32f3xx_ll_hrtim.o
 .debug_aranges
                0x0000000000000000       0x18 ./Drivers/STM32F3xx_LL_Driver/Src/stm32f3xx_ll_hrtim.o
 .debug_macro   0x0000000000000000       0x11 ./Drivers/STM32F3xx_LL_Driver/Src/stm32f3xx_ll_hrtim.o
 .debug_macro   0x0000000000000000      0xab4 ./Drivers/STM32F3xx_LL_Driver/Src/stm32f3xx_ll_hrtim.o
 .debug_line    0x0000000000000000       0x58 ./Drivers/STM32F3xx_LL_Driver/Src/stm32f3xx_ll_hrtim.o
 .debug_str     0x0000000000000000     0x2de7 ./Drivers/STM32F3xx_LL_Driver/Src/stm32f3xx_ll_hrtim.o
 .comment       0x0000000000000000       0x54 ./Drivers/STM32F3xx_LL_Driver/Src/stm32f3xx_ll_hrtim.o
 .ARM.attributes
                0x0000000000000000       0x39 ./Drivers/STM32F3xx_LL_Driver/Src/stm32f3xx_ll_hrtim.o
 .group         0x0000000000000000        0xc ./Drivers/STM32F3xx_LL_Driver/Src/stm32f3xx_ll_i2c.o
 .text          0x0000000000000000        0x0 ./Drivers/STM32F3xx_LL_Driver/Src/stm32f3xx_ll_i2c.o
 .data          0x0000000000000000        0x0 ./Drivers/STM32F3xx_LL_Driver/Src/stm32f3xx_ll_i2c.o
 .bss           0x0000000000000000        0x0 ./Drivers/STM32F3xx_LL_Driver/Src/stm32f3xx_ll_i2c.o
 .debug_info    0x0000000000000000       0x21 ./Drivers/STM32F3xx_LL_Driver/Src/stm32f3xx_ll_i2c.o
 .debug_abbrev  0x0000000000000000       0x13 ./Drivers/STM32F3xx_LL_Driver/Src/stm32f3xx_ll_i2c.o
 .debug_aranges
                0x0000000000000000       0x18 ./Drivers/STM32F3xx_LL_Driver/Src/stm32f3xx_ll_i2c.o
 .debug_macro   0x0000000000000000       0x11 ./Drivers/STM32F3xx_LL_Driver/Src/stm32f3xx_ll_i2c.o
 .debug_macro   0x0000000000000000      0xab4 ./Drivers/STM32F3xx_LL_Driver/Src/stm32f3xx_ll_i2c.o
 .debug_line    0x0000000000000000       0x56 ./Drivers/STM32F3xx_LL_Driver/Src/stm32f3xx_ll_i2c.o
 .debug_str     0x0000000000000000     0x2de5 ./Drivers/STM32F3xx_LL_Driver/Src/stm32f3xx_ll_i2c.o
 .comment       0x0000000000000000       0x54 ./Drivers/STM32F3xx_LL_Driver/Src/stm32f3xx_ll_i2c.o
 .ARM.attributes
                0x0000000000000000       0x39 ./Drivers/STM32F3xx_LL_Driver/Src/stm32f3xx_ll_i2c.o
 .group         0x0000000000000000        0xc ./Drivers/STM32F3xx_LL_Driver/Src/stm32f3xx_ll_opamp.o
 .text          0x0000000000000000        0x0 ./Drivers/STM32F3xx_LL_Driver/Src/stm32f3xx_ll_opamp.o
 .data          0x0000000000000000        0x0 ./Drivers/STM32F3xx_LL_Driver/Src/stm32f3xx_ll_opamp.o
 .bss           0x0000000000000000        0x0 ./Drivers/STM32F3xx_LL_Driver/Src/stm32f3xx_ll_opamp.o
 .debug_info    0x0000000000000000       0x21 ./Drivers/STM32F3xx_LL_Driver/Src/stm32f3xx_ll_opamp.o
 .debug_abbrev  0x0000000000000000       0x13 ./Drivers/STM32F3xx_LL_Driver/Src/stm32f3xx_ll_opamp.o
 .debug_aranges
                0x0000000000000000       0x18 ./Drivers/STM32F3xx_LL_Driver/Src/stm32f3xx_ll_opamp.o
 .debug_macro   0x0000000000000000       0x11 ./Drivers/STM32F3xx_LL_Driver/Src/stm32f3xx_ll_opamp.o
 .debug_macro   0x0000000000000000      0xab4 ./Drivers/STM32F3xx_LL_Driver/Src/stm32f3xx_ll_opamp.o
 .debug_line    0x0000000000000000       0x58 ./Drivers/STM32F3xx_LL_Driver/Src/stm32f3xx_ll_opamp.o
 .debug_str     0x0000000000000000     0x2de7 ./Drivers/STM32F3xx_LL_Driver/Src/stm32f3xx_ll_opamp.o
 .comment       0x0000000000000000       0x54 ./Drivers/STM32F3xx_LL_Driver/Src/stm32f3xx_ll_opamp.o
 .ARM.attributes
                0x0000000000000000       0x39 ./Drivers/STM32F3xx_LL_Driver/Src/stm32f3xx_ll_opamp.o
 .group         0x0000000000000000        0xc ./Drivers/STM32F3xx_LL_Driver/Src/stm32f3xx_ll_pwr.o
 .text          0x0000000000000000        0x0 ./Drivers/STM32F3xx_LL_Driver/Src/stm32f3xx_ll_pwr.o
 .data          0x0000000000000000        0x0 ./Drivers/STM32F3xx_LL_Driver/Src/stm32f3xx_ll_pwr.o
 .bss           0x0000000000000000        0x0 ./Drivers/STM32F3xx_LL_Driver/Src/stm32f3xx_ll_pwr.o
 .debug_info    0x0000000000000000       0x21 ./Drivers/STM32F3xx_LL_Driver/Src/stm32f3xx_ll_pwr.o
 .debug_abbrev  0x0000000000000000       0x13 ./Drivers/STM32F3xx_LL_Driver/Src/stm32f3xx_ll_pwr.o
 .debug_aranges
                0x0000000000000000       0x18 ./Drivers/STM32F3xx_LL_Driver/Src/stm32f3xx_ll_pwr.o
 .debug_macro   0x0000000000000000       0x11 ./Drivers/STM32F3xx_LL_Driver/Src/stm32f3xx_ll_pwr.o
 .debug_macro   0x0000000000000000      0xab4 ./Drivers/STM32F3xx_LL_Driver/Src/stm32f3xx_ll_pwr.o
 .debug_line    0x0000000000000000       0x56 ./Drivers/STM32F3xx_LL_Driver/Src/stm32f3xx_ll_pwr.o
 .debug_str     0x0000000000000000     0x2de5 ./Drivers/STM32F3xx_LL_Driver/Src/stm32f3xx_ll_pwr.o
 .comment       0x0000000000000000       0x54 ./Drivers/STM32F3xx_LL_Driver/Src/stm32f3xx_ll_pwr.o
 .ARM.attributes
                0x0000000000000000       0x39 ./Drivers/STM32F3xx_LL_Driver/Src/stm32f3xx_ll_pwr.o
 .group         0x0000000000000000        0xc ./Drivers/STM32F3xx_LL_Driver/Src/stm32f3xx_ll_rcc.o
 .text          0x0000000000000000        0x0 ./Drivers/STM32F3xx_LL_Driver/Src/stm32f3xx_ll_rcc.o
 .data          0x0000000000000000        0x0 ./Drivers/STM32F3xx_LL_Driver/Src/stm32f3xx_ll_rcc.o
 .bss           0x0000000000000000        0x0 ./Drivers/STM32F3xx_LL_Driver/Src/stm32f3xx_ll_rcc.o
 .debug_info    0x0000000000000000       0x21 ./Drivers/STM32F3xx_LL_Driver/Src/stm32f3xx_ll_rcc.o
 .debug_abbrev  0x0000000000000000       0x13 ./Drivers/STM32F3xx_LL_Driver/Src/stm32f3xx_ll_rcc.o
 .debug_aranges
                0x0000000000000000       0x18 ./Drivers/STM32F3xx_LL_Driver/Src/stm32f3xx_ll_rcc.o
 .debug_macro   0x0000000000000000       0x11 ./Drivers/STM32F3xx_LL_Driver/Src/stm32f3xx_ll_rcc.o
 .debug_macro   0x0000000000000000      0xab4 ./Drivers/STM32F3xx_LL_Driver/Src/stm32f3xx_ll_rcc.o
 .debug_line    0x0000000000000000       0x56 ./Drivers/STM32F3xx_LL_Driver/Src/stm32f3xx_ll_rcc.o
 .debug_str     0x0000000000000000     0x2de5 ./Drivers/STM32F3xx_LL_Driver/Src/stm32f3xx_ll_rcc.o
 .comment       0x0000000000000000       0x54 ./Drivers/STM32F3xx_LL_Driver/Src/stm32f3xx_ll_rcc.o
 .ARM.attributes
                0x0000000000000000       0x39 ./Drivers/STM32F3xx_LL_Driver/Src/stm32f3xx_ll_rcc.o
 .group         0x0000000000000000        0xc ./Drivers/STM32F3xx_LL_Driver/Src/stm32f3xx_ll_rtc.o
 .text          0x0000000000000000        0x0 ./Drivers/STM32F3xx_LL_Driver/Src/stm32f3xx_ll_rtc.o
 .data          0x0000000000000000        0x0 ./Drivers/STM32F3xx_LL_Driver/Src/stm32f3xx_ll_rtc.o
 .bss           0x0000000000000000        0x0 ./Drivers/STM32F3xx_LL_Driver/Src/stm32f3xx_ll_rtc.o
 .debug_info    0x0000000000000000       0x21 ./Drivers/STM32F3xx_LL_Driver/Src/stm32f3xx_ll_rtc.o
 .debug_abbrev  0x0000000000000000       0x13 ./Drivers/STM32F3xx_LL_Driver/Src/stm32f3xx_ll_rtc.o
 .debug_aranges
                0x0000000000000000       0x18 ./Drivers/STM32F3xx_LL_Driver/Src/stm32f3xx_ll_rtc.o
 .debug_macro   0x0000000000000000       0x11 ./Drivers/STM32F3xx_LL_Driver/Src/stm32f3xx_ll_rtc.o
 .debug_macro   0x0000000000000000      0xab4 ./Drivers/STM32F3xx_LL_Driver/Src/stm32f3xx_ll_rtc.o
 .debug_line    0x0000000000000000       0x56 ./Drivers/STM32F3xx_LL_Driver/Src/stm32f3xx_ll_rtc.o
 .debug_str     0x0000000000000000     0x2de5 ./Drivers/STM32F3xx_LL_Driver/Src/stm32f3xx_ll_rtc.o
 .comment       0x0000000000000000       0x54 ./Drivers/STM32F3xx_LL_Driver/Src/stm32f3xx_ll_rtc.o
 .ARM.attributes
                0x0000000000000000       0x39 ./Drivers/STM32F3xx_LL_Driver/Src/stm32f3xx_ll_rtc.o
 .group         0x0000000000000000        0xc ./Drivers/STM32F3xx_LL_Driver/Src/stm32f3xx_ll_spi.o
 .text          0x0000000000000000        0x0 ./Drivers/STM32F3xx_LL_Driver/Src/stm32f3xx_ll_spi.o
 .data          0x0000000000000000        0x0 ./Drivers/STM32F3xx_LL_Driver/Src/stm32f3xx_ll_spi.o
 .bss           0x0000000000000000        0x0 ./Drivers/STM32F3xx_LL_Driver/Src/stm32f3xx_ll_spi.o
 .debug_info    0x0000000000000000       0x21 ./Drivers/STM32F3xx_LL_Driver/Src/stm32f3xx_ll_spi.o
 .debug_abbrev  0x0000000000000000       0x13 ./Drivers/STM32F3xx_LL_Driver/Src/stm32f3xx_ll_spi.o
 .debug_aranges
                0x0000000000000000       0x18 ./Drivers/STM32F3xx_LL_Driver/Src/stm32f3xx_ll_spi.o
 .debug_macro   0x0000000000000000       0x11 ./Drivers/STM32F3xx_LL_Driver/Src/stm32f3xx_ll_spi.o
 .debug_macro   0x0000000000000000      0xab4 ./Drivers/STM32F3xx_LL_Driver/Src/stm32f3xx_ll_spi.o
 .debug_line    0x0000000000000000       0x56 ./Drivers/STM32F3xx_LL_Driver/Src/stm32f3xx_ll_spi.o
 .debug_str     0x0000000000000000     0x2de5 ./Drivers/STM32F3xx_LL_Driver/Src/stm32f3xx_ll_spi.o
 .comment       0x0000000000000000       0x54 ./Drivers/STM32F3xx_LL_Driver/Src/stm32f3xx_ll_spi.o
 .ARM.attributes
                0x0000000000000000       0x39 ./Drivers/STM32F3xx_LL_Driver/Src/stm32f3xx_ll_spi.o
 .group         0x0000000000000000        0xc ./Drivers/STM32F3xx_LL_Driver/Src/stm32f3xx_ll_tim.o
 .text          0x0000000000000000        0x0 ./Drivers/STM32F3xx_LL_Driver/Src/stm32f3xx_ll_tim.o
 .data          0x0000000000000000        0x0 ./Drivers/STM32F3xx_LL_Driver/Src/stm32f3xx_ll_tim.o
 .bss           0x0000000000000000        0x0 ./Drivers/STM32F3xx_LL_Driver/Src/stm32f3xx_ll_tim.o
 .debug_info    0x0000000000000000       0x21 ./Drivers/STM32F3xx_LL_Driver/Src/stm32f3xx_ll_tim.o
 .debug_abbrev  0x0000000000000000       0x13 ./Drivers/STM32F3xx_LL_Driver/Src/stm32f3xx_ll_tim.o
 .debug_aranges
                0x0000000000000000       0x18 ./Drivers/STM32F3xx_LL_Driver/Src/stm32f3xx_ll_tim.o
 .debug_macro   0x0000000000000000       0x11 ./Drivers/STM32F3xx_LL_Driver/Src/stm32f3xx_ll_tim.o
 .debug_macro   0x0000000000000000      0xab4 ./Drivers/STM32F3xx_LL_Driver/Src/stm32f3xx_ll_tim.o
 .debug_line    0x0000000000000000       0x56 ./Drivers/STM32F3xx_LL_Driver/Src/stm32f3xx_ll_tim.o
 .debug_str     0x0000000000000000     0x2de5 ./Drivers/STM32F3xx_LL_Driver/Src/stm32f3xx_ll_tim.o
 .comment       0x0000000000000000       0x54 ./Drivers/STM32F3xx_LL_Driver/Src/stm32f3xx_ll_tim.o
 .ARM.attributes
                0x0000000000000000       0x39 ./Drivers/STM32F3xx_LL_Driver/Src/stm32f3xx_ll_tim.o
 .group         0x0000000000000000        0xc ./Drivers/STM32F3xx_LL_Driver/Src/stm32f3xx_ll_usart.o
 .text          0x0000000000000000        0x0 ./Drivers/STM32F3xx_LL_Driver/Src/stm32f3xx_ll_usart.o
 .data          0x0000000000000000        0x0 ./Drivers/STM32F3xx_LL_Driver/Src/stm32f3xx_ll_usart.o
 .bss           0x0000000000000000        0x0 ./Drivers/STM32F3xx_LL_Driver/Src/stm32f3xx_ll_usart.o
 .debug_info    0x0000000000000000       0x21 ./Drivers/STM32F3xx_LL_Driver/Src/stm32f3xx_ll_usart.o
 .debug_abbrev  0x0000000000000000       0x13 ./Drivers/STM32F3xx_LL_Driver/Src/stm32f3xx_ll_usart.o
 .debug_aranges
                0x0000000000000000       0x18 ./Drivers/STM32F3xx_LL_Driver/Src/stm32f3xx_ll_usart.o
 .debug_macro   0x0000000000000000       0x11 ./Drivers/STM32F3xx_LL_Driver/Src/stm32f3xx_ll_usart.o
 .debug_macro   0x0000000000000000      0xab4 ./Drivers/STM32F3xx_LL_Driver/Src/stm32f3xx_ll_usart.o
 .debug_line    0x0000000000000000       0x58 ./Drivers/STM32F3xx_LL_Driver/Src/stm32f3xx_ll_usart.o
 .debug_str     0x0000000000000000     0x2de7 ./Drivers/STM32F3xx_LL_Driver/Src/stm32f3xx_ll_usart.o
 .comment       0x0000000000000000       0x54 ./Drivers/STM32F3xx_LL_Driver/Src/stm32f3xx_ll_usart.o
 .ARM.attributes
                0x0000000000000000       0x39 ./Drivers/STM32F3xx_LL_Driver/Src/stm32f3xx_ll_usart.o
 .group         0x0000000000000000        0xc ./Drivers/STM32F3xx_LL_Driver/Src/stm32f3xx_ll_utils.o
 .group         0x0000000000000000        0xc ./Drivers/STM32F3xx_LL_Driver/Src/stm32f3xx_ll_utils.o
 .group         0x0000000000000000        0xc ./Drivers/STM32F3xx_LL_Driver/Src/stm32f3xx_ll_utils.o
 .group         0x0000000000000000        0xc ./Drivers/STM32F3xx_LL_Driver/Src/stm32f3xx_ll_utils.o
 .group         0x0000000000000000        0xc ./Drivers/STM32F3xx_LL_Driver/Src/stm32f3xx_ll_utils.o
 .group         0x0000000000000000        0xc ./Drivers/STM32F3xx_LL_Driver/Src/stm32f3xx_ll_utils.o
 .group         0x0000000000000000        0xc ./Drivers/STM32F3xx_LL_Driver/Src/stm32f3xx_ll_utils.o
 .group         0x0000000000000000        0xc ./Drivers/STM32F3xx_LL_Driver/Src/stm32f3xx_ll_utils.o
 .group         0x0000000000000000        0xc ./Drivers/STM32F3xx_LL_Driver/Src/stm32f3xx_ll_utils.o
 .group         0x0000000000000000        0xc ./Drivers/STM32F3xx_LL_Driver/Src/stm32f3xx_ll_utils.o
 .group         0x0000000000000000        0xc ./Drivers/STM32F3xx_LL_Driver/Src/stm32f3xx_ll_utils.o
 .group         0x0000000000000000        0xc ./Drivers/STM32F3xx_LL_Driver/Src/stm32f3xx_ll_utils.o
 .group         0x0000000000000000        0xc ./Drivers/STM32F3xx_LL_Driver/Src/stm32f3xx_ll_utils.o
 .group         0x0000000000000000        0xc ./Drivers/STM32F3xx_LL_Driver/Src/stm32f3xx_ll_utils.o
 .group         0x0000000000000000        0xc ./Drivers/STM32F3xx_LL_Driver/Src/stm32f3xx_ll_utils.o
 .group         0x0000000000000000        0xc ./Drivers/STM32F3xx_LL_Driver/Src/stm32f3xx_ll_utils.o
 .group         0x0000000000000000        0xc ./Drivers/STM32F3xx_LL_Driver/Src/stm32f3xx_ll_utils.o
 .group         0x0000000000000000        0xc ./Drivers/STM32F3xx_LL_Driver/Src/stm32f3xx_ll_utils.o
 .group         0x0000000000000000        0xc ./Drivers/STM32F3xx_LL_Driver/Src/stm32f3xx_ll_utils.o
 .group         0x0000000000000000        0xc ./Drivers/STM32F3xx_LL_Driver/Src/stm32f3xx_ll_utils.o
 .text          0x0000000000000000        0x0 ./Drivers/STM32F3xx_LL_Driver/Src/stm32f3xx_ll_utils.o
 .data          0x0000000000000000        0x0 ./Drivers/STM32F3xx_LL_Driver/Src/stm32f3xx_ll_utils.o
 .bss           0x0000000000000000        0x0 ./Drivers/STM32F3xx_LL_Driver/Src/stm32f3xx_ll_utils.o
 .text.LL_RCC_HSE_EnableBypass
                0x0000000000000000       0x20 ./Drivers/STM32F3xx_LL_Driver/Src/stm32f3xx_ll_utils.o
 .text.LL_RCC_HSE_DisableBypass
                0x0000000000000000       0x20 ./Drivers/STM32F3xx_LL_Driver/Src/stm32f3xx_ll_utils.o
 .text.LL_RCC_HSE_Enable
                0x0000000000000000       0x20 ./Drivers/STM32F3xx_LL_Driver/Src/stm32f3xx_ll_utils.o
 .text.LL_RCC_HSE_IsReady
                0x0000000000000000       0x28 ./Drivers/STM32F3xx_LL_Driver/Src/stm32f3xx_ll_utils.o
 .text.LL_RCC_HSI_Enable
                0x0000000000000000       0x20 ./Drivers/STM32F3xx_LL_Driver/Src/stm32f3xx_ll_utils.o
 .text.LL_RCC_HSI_IsReady
                0x0000000000000000       0x24 ./Drivers/STM32F3xx_LL_Driver/Src/stm32f3xx_ll_utils.o
 .text.LL_RCC_SetSysClkSource
                0x0000000000000000       0x28 ./Drivers/STM32F3xx_LL_Driver/Src/stm32f3xx_ll_utils.o
 .text.LL_RCC_GetSysClkSource
                0x0000000000000000       0x1c ./Drivers/STM32F3xx_LL_Driver/Src/stm32f3xx_ll_utils.o
 .text.LL_RCC_SetAHBPrescaler
                0x0000000000000000       0x28 ./Drivers/STM32F3xx_LL_Driver/Src/stm32f3xx_ll_utils.o
 .text.LL_RCC_SetAPB1Prescaler
                0x0000000000000000       0x28 ./Drivers/STM32F3xx_LL_Driver/Src/stm32f3xx_ll_utils.o
 .text.LL_RCC_SetAPB2Prescaler
                0x0000000000000000       0x28 ./Drivers/STM32F3xx_LL_Driver/Src/stm32f3xx_ll_utils.o
 .text.LL_RCC_GetAHBPrescaler
                0x0000000000000000       0x1c ./Drivers/STM32F3xx_LL_Driver/Src/stm32f3xx_ll_utils.o
 .text.LL_RCC_PLL_Enable
                0x0000000000000000       0x20 ./Drivers/STM32F3xx_LL_Driver/Src/stm32f3xx_ll_utils.o
 .text.LL_RCC_PLL_IsReady
                0x0000000000000000       0x28 ./Drivers/STM32F3xx_LL_Driver/Src/stm32f3xx_ll_utils.o
 .text.LL_RCC_PLL_ConfigDomain_SYS
                0x0000000000000000       0x40 ./Drivers/STM32F3xx_LL_Driver/Src/stm32f3xx_ll_utils.o
 .text.LL_InitTick
                0x0000000000000000       0x34 ./Drivers/STM32F3xx_LL_Driver/Src/stm32f3xx_ll_utils.o
 .text.LL_FLASH_SetLatency
                0x0000000000000000       0x28 ./Drivers/STM32F3xx_LL_Driver/Src/stm32f3xx_ll_utils.o
 .text.LL_FLASH_GetLatency
                0x0000000000000000       0x1c ./Drivers/STM32F3xx_LL_Driver/Src/stm32f3xx_ll_utils.o
 .text.LL_Init1msTick
                0x0000000000000000       0x1a ./Drivers/STM32F3xx_LL_Driver/Src/stm32f3xx_ll_utils.o
 .text.LL_mDelay
                0x0000000000000000       0x4c ./Drivers/STM32F3xx_LL_Driver/Src/stm32f3xx_ll_utils.o
 .text.LL_SetSystemCoreClock
                0x0000000000000000       0x20 ./Drivers/STM32F3xx_LL_Driver/Src/stm32f3xx_ll_utils.o
 .text.LL_PLL_ConfigSystemClock_HSI
                0x0000000000000000       0x74 ./Drivers/STM32F3xx_LL_Driver/Src/stm32f3xx_ll_utils.o
 .text.LL_PLL_ConfigSystemClock_HSE
                0x0000000000000000       0x82 ./Drivers/STM32F3xx_LL_Driver/Src/stm32f3xx_ll_utils.o
 .text.UTILS_SetFlashLatency
                0x0000000000000000       0x60 ./Drivers/STM32F3xx_LL_Driver/Src/stm32f3xx_ll_utils.o
 .text.UTILS_GetPLLOutputFrequency
                0x0000000000000000       0x54 ./Drivers/STM32F3xx_LL_Driver/Src/stm32f3xx_ll_utils.o
 .text.UTILS_PLL_IsBusy
                0x0000000000000000       0x22 ./Drivers/STM32F3xx_LL_Driver/Src/stm32f3xx_ll_utils.o
 .text.UTILS_EnablePLLAndSwitchSystem
                0x0000000000000000       0xdc ./Drivers/STM32F3xx_LL_Driver/Src/stm32f3xx_ll_utils.o
 .debug_info    0x0000000000000000      0x886 ./Drivers/STM32F3xx_LL_Driver/Src/stm32f3xx_ll_utils.o
 .debug_abbrev  0x0000000000000000      0x2c2 ./Drivers/STM32F3xx_LL_Driver/Src/stm32f3xx_ll_utils.o
 .debug_aranges
                0x0000000000000000       0xf0 ./Drivers/STM32F3xx_LL_Driver/Src/stm32f3xx_ll_utils.o
 .debug_ranges  0x0000000000000000       0xe0 ./Drivers/STM32F3xx_LL_Driver/Src/stm32f3xx_ll_utils.o
 .debug_macro   0x0000000000000000      0x14c ./Drivers/STM32F3xx_LL_Driver/Src/stm32f3xx_ll_utils.o
 .debug_macro   0x0000000000000000      0xab4 ./Drivers/STM32F3xx_LL_Driver/Src/stm32f3xx_ll_utils.o
 .debug_macro   0x0000000000000000       0x2e ./Drivers/STM32F3xx_LL_Driver/Src/stm32f3xx_ll_utils.o
 .debug_macro   0x0000000000000000       0x28 ./Drivers/STM32F3xx_LL_Driver/Src/stm32f3xx_ll_utils.o
 .debug_macro   0x0000000000000000       0x22 ./Drivers/STM32F3xx_LL_Driver/Src/stm32f3xx_ll_utils.o
 .debug_macro   0x0000000000000000       0x8e ./Drivers/STM32F3xx_LL_Driver/Src/stm32f3xx_ll_utils.o
 .debug_macro   0x0000000000000000       0x51 ./Drivers/STM32F3xx_LL_Driver/Src/stm32f3xx_ll_utils.o
 .debug_macro   0x0000000000000000      0x103 ./Drivers/STM32F3xx_LL_Driver/Src/stm32f3xx_ll_utils.o
 .debug_macro   0x0000000000000000       0x6a ./Drivers/STM32F3xx_LL_Driver/Src/stm32f3xx_ll_utils.o
 .debug_macro   0x0000000000000000      0x1df ./Drivers/STM32F3xx_LL_Driver/Src/stm32f3xx_ll_utils.o
 .debug_macro   0x0000000000000000       0x1c ./Drivers/STM32F3xx_LL_Driver/Src/stm32f3xx_ll_utils.o
 .debug_macro   0x0000000000000000       0x22 ./Drivers/STM32F3xx_LL_Driver/Src/stm32f3xx_ll_utils.o
 .debug_macro   0x0000000000000000       0xdf ./Drivers/STM32F3xx_LL_Driver/Src/stm32f3xx_ll_utils.o
 .debug_macro   0x0000000000000000     0x102d ./Drivers/STM32F3xx_LL_Driver/Src/stm32f3xx_ll_utils.o
 .debug_macro   0x0000000000000000      0x11f ./Drivers/STM32F3xx_LL_Driver/Src/stm32f3xx_ll_utils.o
 .debug_macro   0x0000000000000000    0x15353 ./Drivers/STM32F3xx_LL_Driver/Src/stm32f3xx_ll_utils.o
 .debug_macro   0x0000000000000000       0x43 ./Drivers/STM32F3xx_LL_Driver/Src/stm32f3xx_ll_utils.o
 .debug_macro   0x0000000000000000      0x62d ./Drivers/STM32F3xx_LL_Driver/Src/stm32f3xx_ll_utils.o
 .debug_macro   0x0000000000000000       0x30 ./Drivers/STM32F3xx_LL_Driver/Src/stm32f3xx_ll_utils.o
 .debug_macro   0x0000000000000000      0x39f ./Drivers/STM32F3xx_LL_Driver/Src/stm32f3xx_ll_utils.o
 .debug_macro   0x0000000000000000       0xae ./Drivers/STM32F3xx_LL_Driver/Src/stm32f3xx_ll_utils.o
 .debug_line    0x0000000000000000      0x972 ./Drivers/STM32F3xx_LL_Driver/Src/stm32f3xx_ll_utils.o
 .debug_str     0x0000000000000000    0x89998 ./Drivers/STM32F3xx_LL_Driver/Src/stm32f3xx_ll_utils.o
 .comment       0x0000000000000000       0x54 ./Drivers/STM32F3xx_LL_Driver/Src/stm32f3xx_ll_utils.o
 .debug_frame   0x0000000000000000      0x3dc ./Drivers/STM32F3xx_LL_Driver/Src/stm32f3xx_ll_utils.o
 .ARM.attributes
                0x0000000000000000       0x34 ./Drivers/STM32F3xx_LL_Driver/Src/stm32f3xx_ll_utils.o
 .group         0x0000000000000000        0xc ./Src/main.o
 .group         0x0000000000000000        0xc ./Src/main.o
 .group         0x0000000000000000        0xc ./Src/main.o
 .group         0x0000000000000000        0xc ./Src/main.o
 .group         0x0000000000000000        0xc ./Src/main.o
 .group         0x0000000000000000        0xc ./Src/main.o
 .group         0x0000000000000000        0xc ./Src/main.o
 .text          0x0000000000000000        0x0 ./Src/main.o
 .data          0x0000000000000000        0x0 ./Src/main.o
 .bss           0x0000000000000000        0x0 ./Src/main.o
 .debug_macro   0x0000000000000000      0xab4 ./Src/main.o
 .debug_macro   0x0000000000000000       0x22 ./Src/main.o
 .debug_macro   0x0000000000000000       0x8e ./Src/main.o
 .debug_macro   0x0000000000000000       0x51 ./Src/main.o
 .debug_macro   0x0000000000000000      0x103 ./Src/main.o
 .debug_macro   0x0000000000000000       0x6a ./Src/main.o
 .debug_macro   0x0000000000000000      0x1df ./Src/main.o
 .group         0x0000000000000000        0xc ./Src/syscalls.o
 .group         0x0000000000000000        0xc ./Src/syscalls.o
 .group         0x0000000000000000        0xc ./Src/syscalls.o
 .group         0x0000000000000000        0xc ./Src/syscalls.o
 .group         0x0000000000000000        0xc ./Src/syscalls.o
 .group         0x0000000000000000        0xc ./Src/syscalls.o
 .group         0x0000000000000000        0xc ./Src/syscalls.o
 .group         0x0000000000000000        0xc ./Src/syscalls.o
 .group         0x0000000000000000        0xc ./Src/syscalls.o
 .group         0x0000000000000000        0xc ./Src/syscalls.o
 .group         0x0000000000000000        0xc ./Src/syscalls.o
 .group         0x0000000000000000        0xc ./Src/syscalls.o
 .group         0x0000000000000000        0xc ./Src/syscalls.o
 .group         0x0000000000000000        0xc ./Src/syscalls.o
 .group         0x0000000000000000        0xc ./Src/syscalls.o
 .group         0x0000000000000000        0xc ./Src/syscalls.o
 .group         0x0000000000000000        0xc ./Src/syscalls.o
 .group         0x0000000000000000        0xc ./Src/syscalls.o
 .group         0x0000000000000000        0xc ./Src/syscalls.o
 .group         0x0000000000000000        0xc ./Src/syscalls.o
 .group         0x0000000000000000        0xc ./Src/syscalls.o
 .group         0x0000000000000000        0xc ./Src/syscalls.o
 .group         0x0000000000000000        0xc ./Src/syscalls.o
 .group         0x0000000000000000        0xc ./Src/syscalls.o
 .group         0x0000000000000000        0xc ./Src/syscalls.o
 .group         0x0000000000000000        0xc ./Src/syscalls.o
 .group         0x0000000000000000        0xc ./Src/syscalls.o
 .group         0x0000000000000000        0xc ./Src/syscalls.o
 .group         0x0000000000000000        0xc ./Src/syscalls.o
 .group         0x0000000000000000        0xc ./Src/syscalls.o
 .group         0x0000000000000000        0xc ./Src/syscalls.o
 .group         0x0000000000000000        0xc ./Src/syscalls.o
 .group         0x0000000000000000        0xc ./Src/syscalls.o
 .group         0x0000000000000000        0xc ./Src/syscalls.o
 .group         0x0000000000000000        0xc ./Src/syscalls.o
 .group         0x0000000000000000        0xc ./Src/syscalls.o
 .group         0x0000000000000000        0xc ./Src/syscalls.o
 .group         0x0000000000000000        0xc ./Src/syscalls.o
 .group         0x0000000000000000        0xc ./Src/syscalls.o
 .group         0x0000000000000000        0xc ./Src/syscalls.o
 .group         0x0000000000000000        0xc ./Src/syscalls.o
 .group         0x0000000000000000        0xc ./Src/syscalls.o
 .group         0x0000000000000000        0xc ./Src/syscalls.o
 .group         0x0000000000000000        0xc ./Src/syscalls.o
 .group         0x0000000000000000        0xc ./Src/syscalls.o
 .group         0x0000000000000000        0xc ./Src/syscalls.o
 .group         0x0000000000000000        0xc ./Src/syscalls.o
 .text          0x0000000000000000        0x0 ./Src/syscalls.o
 .data          0x0000000000000000        0x0 ./Src/syscalls.o
 .bss           0x0000000000000000        0x0 ./Src/syscalls.o
 .bss.__env     0x0000000000000000        0x4 ./Src/syscalls.o
 .data.environ  0x0000000000000000        0x4 ./Src/syscalls.o
 .text.initialise_monitor_handles
                0x0000000000000000        0xe ./Src/syscalls.o
 .text._getpid  0x0000000000000000       0x10 ./Src/syscalls.o
 .text._kill    0x0000000000000000       0x20 ./Src/syscalls.o
 .text._exit    0x0000000000000000       0x14 ./Src/syscalls.o
 .text._read    0x0000000000000000       0x3a ./Src/syscalls.o
 .text._write   0x0000000000000000       0x38 ./Src/syscalls.o
 .text._close   0x0000000000000000       0x18 ./Src/syscalls.o
 .text._fstat   0x0000000000000000       0x20 ./Src/syscalls.o
 .text._isatty  0x0000000000000000       0x16 ./Src/syscalls.o
 .text._lseek   0x0000000000000000       0x1a ./Src/syscalls.o
 .text._open    0x0000000000000000       0x1c ./Src/syscalls.o
 .text._wait    0x0000000000000000       0x1e ./Src/syscalls.o
 .text._unlink  0x0000000000000000       0x1e ./Src/syscalls.o
 .text._times   0x0000000000000000       0x18 ./Src/syscalls.o
 .text._stat    0x0000000000000000       0x20 ./Src/syscalls.o
 .text._link    0x0000000000000000       0x20 ./Src/syscalls.o
 .text._fork    0x0000000000000000       0x16 ./Src/syscalls.o
 .text._execve  0x0000000000000000       0x22 ./Src/syscalls.o
 .debug_info    0x0000000000000000      0xfa8 ./Src/syscalls.o
 .debug_abbrev  0x0000000000000000      0x286 ./Src/syscalls.o
 .debug_aranges
                0x0000000000000000       0xa8 ./Src/syscalls.o
 .debug_ranges  0x0000000000000000       0x98 ./Src/syscalls.o
 .debug_macro   0x0000000000000000      0x24c ./Src/syscalls.o
 .debug_macro   0x0000000000000000      0xab4 ./Src/syscalls.o
 .debug_macro   0x0000000000000000       0x22 ./Src/syscalls.o
 .debug_macro   0x0000000000000000       0x4c ./Src/syscalls.o
 .debug_macro   0x0000000000000000       0x18 ./Src/syscalls.o
 .debug_macro   0x0000000000000000       0x94 ./Src/syscalls.o
 .debug_macro   0x0000000000000000       0x3c ./Src/syscalls.o
 .debug_macro   0x0000000000000000       0x34 ./Src/syscalls.o
 .debug_macro   0x0000000000000000       0x57 ./Src/syscalls.o
 .debug_macro   0x0000000000000000      0x174 ./Src/syscalls.o
 .debug_macro   0x0000000000000000      0x339 ./Src/syscalls.o
 .debug_macro   0x0000000000000000       0x16 ./Src/syscalls.o
 .debug_macro   0x0000000000000000       0x43 ./Src/syscalls.o
 .debug_macro   0x0000000000000000       0x34 ./Src/syscalls.o
 .debug_macro   0x0000000000000000       0x10 ./Src/syscalls.o
 .debug_macro   0x0000000000000000       0x58 ./Src/syscalls.o
 .debug_macro   0x0000000000000000       0x71 ./Src/syscalls.o
 .debug_macro   0x0000000000000000       0x1c ./Src/syscalls.o
 .debug_macro   0x0000000000000000      0x12a ./Src/syscalls.o
 .debug_macro   0x0000000000000000       0x10 ./Src/syscalls.o
 .debug_macro   0x0000000000000000       0x35 ./Src/syscalls.o
 .debug_macro   0x0000000000000000       0x10 ./Src/syscalls.o
 .debug_macro   0x0000000000000000       0x10 ./Src/syscalls.o
 .debug_macro   0x0000000000000000       0x10 ./Src/syscalls.o
 .debug_macro   0x0000000000000000       0x6a ./Src/syscalls.o
 .debug_macro   0x0000000000000000       0x1c ./Src/syscalls.o
 .debug_macro   0x0000000000000000       0x52 ./Src/syscalls.o
 .debug_macro   0x0000000000000000       0x22 ./Src/syscalls.o
 .debug_macro   0x0000000000000000       0x10 ./Src/syscalls.o
 .debug_macro   0x0000000000000000       0x40 ./Src/syscalls.o
 .debug_macro   0x0000000000000000       0xd5 ./Src/syscalls.o
 .debug_macro   0x0000000000000000       0x1c ./Src/syscalls.o
 .debug_macro   0x0000000000000000       0x3d ./Src/syscalls.o
 .debug_macro   0x0000000000000000       0x35 ./Src/syscalls.o
 .debug_macro   0x0000000000000000      0x12c ./Src/syscalls.o
 .debug_macro   0x0000000000000000       0x16 ./Src/syscalls.o
 .debug_macro   0x0000000000000000       0x16 ./Src/syscalls.o
 .debug_macro   0x0000000000000000       0x29 ./Src/syscalls.o
 .debug_macro   0x0000000000000000       0x10 ./Src/syscalls.o
 .debug_macro   0x0000000000000000      0x241 ./Src/syscalls.o
 .debug_macro   0x0000000000000000       0x1c ./Src/syscalls.o
 .debug_macro   0x0000000000000000       0x10 ./Src/syscalls.o
 .debug_macro   0x0000000000000000       0x10 ./Src/syscalls.o
 .debug_macro   0x0000000000000000       0x16 ./Src/syscalls.o
 .debug_macro   0x0000000000000000      0x145 ./Src/syscalls.o
 .debug_macro   0x0000000000000000      0x189 ./Src/syscalls.o
 .debug_macro   0x0000000000000000       0x16 ./Src/syscalls.o
 .debug_macro   0x0000000000000000       0xce ./Src/syscalls.o
 .debug_line    0x0000000000000000      0x7fd ./Src/syscalls.o
 .debug_str     0x0000000000000000     0x8ed6 ./Src/syscalls.o
 .comment       0x0000000000000000       0x54 ./Src/syscalls.o
 .debug_frame   0x0000000000000000      0x2ac ./Src/syscalls.o
 .ARM.attributes
                0x0000000000000000       0x34 ./Src/syscalls.o
 .group         0x0000000000000000        0xc ./Src/sysmem.o
 .group         0x0000000000000000        0xc ./Src/sysmem.o
 .group         0x0000000000000000        0xc ./Src/sysmem.o
 .group         0x0000000000000000        0xc ./Src/sysmem.o
 .group         0x0000000000000000        0xc ./Src/sysmem.o
 .group         0x0000000000000000        0xc ./Src/sysmem.o
 .group         0x0000000000000000        0xc ./Src/sysmem.o
 .group         0x0000000000000000        0xc ./Src/sysmem.o
 .group         0x0000000000000000        0xc ./Src/sysmem.o
 .group         0x0000000000000000        0xc ./Src/sysmem.o
 .group         0x0000000000000000        0xc ./Src/sysmem.o
 .group         0x0000000000000000        0xc ./Src/sysmem.o
 .group         0x0000000000000000        0xc ./Src/sysmem.o
 .group         0x0000000000000000        0xc ./Src/sysmem.o
 .group         0x0000000000000000        0xc ./Src/sysmem.o
 .group         0x0000000000000000        0xc ./Src/sysmem.o
 .group         0x0000000000000000        0xc ./Src/sysmem.o
 .group         0x0000000000000000        0xc ./Src/sysmem.o
 .group         0x0000000000000000        0xc ./Src/sysmem.o
 .group         0x0000000000000000        0xc ./Src/sysmem.o
 .group         0x0000000000000000        0xc ./Src/sysmem.o
 .group         0x0000000000000000        0xc ./Src/sysmem.o
 .text          0x0000000000000000        0x0 ./Src/sysmem.o
 .data          0x0000000000000000        0x0 ./Src/sysmem.o
 .bss           0x0000000000000000        0x0 ./Src/sysmem.o
 .bss.__sbrk_heap_end
                0x0000000000000000        0x4 ./Src/sysmem.o
 .text._sbrk    0x0000000000000000       0x6c ./Src/sysmem.o
 .debug_info    0x0000000000000000      0xa25 ./Src/sysmem.o
 .debug_abbrev  0x0000000000000000      0x1bf ./Src/sysmem.o
 .debug_aranges
                0x0000000000000000       0x20 ./Src/sysmem.o
 .debug_ranges  0x0000000000000000       0x10 ./Src/sysmem.o
 .debug_macro   0x0000000000000000       0xff ./Src/sysmem.o
 .debug_macro   0x0000000000000000      0xab4 ./Src/sysmem.o
 .debug_macro   0x0000000000000000       0x10 ./Src/sysmem.o
 .debug_macro   0x0000000000000000       0x22 ./Src/sysmem.o
 .debug_macro   0x0000000000000000       0x4c ./Src/sysmem.o
 .debug_macro   0x0000000000000000       0x18 ./Src/sysmem.o
 .debug_macro   0x0000000000000000       0x94 ./Src/sysmem.o
 .debug_macro   0x0000000000000000       0x3c ./Src/sysmem.o
 .debug_macro   0x0000000000000000       0x34 ./Src/sysmem.o
 .debug_macro   0x0000000000000000      0x174 ./Src/sysmem.o
 .debug_macro   0x0000000000000000       0x16 ./Src/sysmem.o
 .debug_macro   0x0000000000000000       0x43 ./Src/sysmem.o
 .debug_macro   0x0000000000000000       0x57 ./Src/sysmem.o
 .debug_macro   0x0000000000000000       0x34 ./Src/sysmem.o
 .debug_macro   0x0000000000000000       0x10 ./Src/sysmem.o
 .debug_macro   0x0000000000000000       0x58 ./Src/sysmem.o
 .debug_macro   0x0000000000000000       0x71 ./Src/sysmem.o
 .debug_macro   0x0000000000000000       0x1c ./Src/sysmem.o
 .debug_macro   0x0000000000000000      0x12a ./Src/sysmem.o
 .debug_macro   0x0000000000000000      0x23b ./Src/sysmem.o
 .debug_macro   0x0000000000000000      0x103 ./Src/sysmem.o
 .debug_macro   0x0000000000000000       0x6a ./Src/sysmem.o
 .debug_macro   0x0000000000000000      0x1df ./Src/sysmem.o
 .debug_line    0x0000000000000000      0x4f3 ./Src/sysmem.o
 .debug_str     0x0000000000000000     0x62a9 ./Src/sysmem.o
 .comment       0x0000000000000000       0x54 ./Src/sysmem.o
 .debug_frame   0x0000000000000000       0x34 ./Src/sysmem.o
 .ARM.attributes
                0x0000000000000000       0x34 ./Src/sysmem.o
 .group         0x0000000000000000        0xc ./Src/system_stm32f3xx.o
 .group         0x0000000000000000        0xc ./Src/system_stm32f3xx.o
 .group         0x0000000000000000        0xc ./Src/system_stm32f3xx.o
 .group         0x0000000000000000        0xc ./Src/system_stm32f3xx.o
 .group         0x0000000000000000        0xc ./Src/system_stm32f3xx.o
 .group         0x0000000000000000        0xc ./Src/system_stm32f3xx.o
 .group         0x0000000000000000        0xc ./Src/system_stm32f3xx.o
 .group         0x0000000000000000        0xc ./Src/system_stm32f3xx.o
 .group         0x0000000000000000        0xc ./Src/system_stm32f3xx.o
 .group         0x0000000000000000        0xc ./Src/system_stm32f3xx.o
 .group         0x0000000000000000        0xc ./Src/system_stm32f3xx.o
 .group         0x0000000000000000        0xc ./Src/system_stm32f3xx.o
 .group         0x0000000000000000        0xc ./Src/system_stm32f3xx.o
 .group         0x0000000000000000        0xc ./Src/system_stm32f3xx.o
 .group         0x0000000000000000        0xc ./Src/system_stm32f3xx.o
 .group         0x0000000000000000        0xc ./Src/system_stm32f3xx.o
 .text          0x0000000000000000        0x0 ./Src/system_stm32f3xx.o
 .data          0x0000000000000000        0x0 ./Src/system_stm32f3xx.o
 .bss           0x0000000000000000        0x0 ./Src/system_stm32f3xx.o
 .data.SystemCoreClock
                0x0000000000000000        0x4 ./Src/system_stm32f3xx.o
 .rodata.AHBPrescTable
                0x0000000000000000       0x10 ./Src/system_stm32f3xx.o
 .rodata.APBPrescTable
                0x0000000000000000        0x8 ./Src/system_stm32f3xx.o
 .text.SystemCoreClockUpdate
                0x0000000000000000       0xe4 ./Src/system_stm32f3xx.o
 .debug_macro   0x0000000000000000      0xab4 ./Src/system_stm32f3xx.o
 .debug_macro   0x0000000000000000       0x2e ./Src/system_stm32f3xx.o
 .debug_macro   0x0000000000000000       0x28 ./Src/system_stm32f3xx.o
 .debug_macro   0x0000000000000000       0x22 ./Src/system_stm32f3xx.o
 .debug_macro   0x0000000000000000       0x8e ./Src/system_stm32f3xx.o
 .debug_macro   0x0000000000000000       0x51 ./Src/system_stm32f3xx.o
 .debug_macro   0x0000000000000000      0x103 ./Src/system_stm32f3xx.o
 .debug_macro   0x0000000000000000       0x6a ./Src/system_stm32f3xx.o
 .debug_macro   0x0000000000000000      0x1df ./Src/system_stm32f3xx.o
 .debug_macro   0x0000000000000000       0x1c ./Src/system_stm32f3xx.o
 .debug_macro   0x0000000000000000       0x22 ./Src/system_stm32f3xx.o
 .debug_macro   0x0000000000000000       0xdf ./Src/system_stm32f3xx.o
 .debug_macro   0x0000000000000000     0x102d ./Src/system_stm32f3xx.o
 .debug_macro   0x0000000000000000      0x11f ./Src/system_stm32f3xx.o
 .debug_macro   0x0000000000000000    0x15353 ./Src/system_stm32f3xx.o
 .debug_macro   0x0000000000000000       0x43 ./Src/system_stm32f3xx.o
 .text          0x0000000000000000       0x14 ./Startup/startup_stm32f303retx.o
 .data          0x0000000000000000        0x0 ./Startup/startup_stm32f303retx.o
 .bss           0x0000000000000000        0x0 ./Startup/startup_stm32f303retx.o
 .text          0x0000000000000000        0x0 c:/st/stm32cubeide_1.8.0/stm32cubeide/plugins/com.st.stm32cube.ide.mcu.externaltools.gnu-tools-for-stm32.9-2020-q2-update.win32_2.0.0.202105311346/tools/bin/../lib/gcc/arm-none-eabi/9.3.1/../../../../arm-none-eabi/lib/thumb/v7e-m+fp/hard\libc_nano.a(lib_a-errno.o)
 .data          0x0000000000000000        0x0 c:/st/stm32cubeide_1.8.0/stm32cubeide/plugins/com.st.stm32cube.ide.mcu.externaltools.gnu-tools-for-stm32.9-2020-q2-update.win32_2.0.0.202105311346/tools/bin/../lib/gcc/arm-none-eabi/9.3.1/../../../../arm-none-eabi/lib/thumb/v7e-m+fp/hard\libc_nano.a(lib_a-errno.o)
 .bss           0x0000000000000000        0x0 c:/st/stm32cubeide_1.8.0/stm32cubeide/plugins/com.st.stm32cube.ide.mcu.externaltools.gnu-tools-for-stm32.9-2020-q2-update.win32_2.0.0.202105311346/tools/bin/../lib/gcc/arm-none-eabi/9.3.1/../../../../arm-none-eabi/lib/thumb/v7e-m+fp/hard\libc_nano.a(lib_a-errno.o)
 .text.__errno  0x0000000000000000        0xc c:/st/stm32cubeide_1.8.0/stm32cubeide/plugins/com.st.stm32cube.ide.mcu.externaltools.gnu-tools-for-stm32.9-2020-q2-update.win32_2.0.0.202105311346/tools/bin/../lib/gcc/arm-none-eabi/9.3.1/../../../../arm-none-eabi/lib/thumb/v7e-m+fp/hard\libc_nano.a(lib_a-errno.o)
 .debug_frame   0x0000000000000000       0x20 c:/st/stm32cubeide_1.8.0/stm32cubeide/plugins/com.st.stm32cube.ide.mcu.externaltools.gnu-tools-for-stm32.9-2020-q2-update.win32_2.0.0.202105311346/tools/bin/../lib/gcc/arm-none-eabi/9.3.1/../../../../arm-none-eabi/lib/thumb/v7e-m+fp/hard\libc_nano.a(lib_a-errno.o)
 .ARM.attributes
                0x0000000000000000       0x34 c:/st/stm32cubeide_1.8.0/stm32cubeide/plugins/com.st.stm32cube.ide.mcu.externaltools.gnu-tools-for-stm32.9-2020-q2-update.win32_2.0.0.202105311346/tools/bin/../lib/gcc/arm-none-eabi/9.3.1/../../../../arm-none-eabi/lib/thumb/v7e-m+fp/hard\libc_nano.a(lib_a-errno.o)
 .text          0x0000000000000000        0x0 c:/st/stm32cubeide_1.8.0/stm32cubeide/plugins/com.st.stm32cube.ide.mcu.externaltools.gnu-tools-for-stm32.9-2020-q2-update.win32_2.0.0.202105311346/tools/bin/../lib/gcc/arm-none-eabi/9.3.1/../../../../arm-none-eabi/lib/thumb/v7e-m+fp/hard\libc_nano.a(lib_a-exit.o)
 .data          0x0000000000000000        0x0 c:/st/stm32cubeide_1.8.0/stm32cubeide/plugins/com.st.stm32cube.ide.mcu.externaltools.gnu-tools-for-stm32.9-2020-q2-update.win32_2.0.0.202105311346/tools/bin/../lib/gcc/arm-none-eabi/9.3.1/../../../../arm-none-eabi/lib/thumb/v7e-m+fp/hard\libc_nano.a(lib_a-exit.o)
 .bss           0x0000000000000000        0x0 c:/st/stm32cubeide_1.8.0/stm32cubeide/plugins/com.st.stm32cube.ide.mcu.externaltools.gnu-tools-for-stm32.9-2020-q2-update.win32_2.0.0.202105311346/tools/bin/../lib/gcc/arm-none-eabi/9.3.1/../../../../arm-none-eabi/lib/thumb/v7e-m+fp/hard\libc_nano.a(lib_a-exit.o)
 .text.exit     0x0000000000000000       0x28 c:/st/stm32cubeide_1.8.0/stm32cubeide/plugins/com.st.stm32cube.ide.mcu.externaltools.gnu-tools-for-stm32.9-2020-q2-update.win32_2.0.0.202105311346/tools/bin/../lib/gcc/arm-none-eabi/9.3.1/../../../../arm-none-eabi/lib/thumb/v7e-m+fp/hard\libc_nano.a(lib_a-exit.o)
 .debug_frame   0x0000000000000000       0x28 c:/st/stm32cubeide_1.8.0/stm32cubeide/plugins/com.st.stm32cube.ide.mcu.externaltools.gnu-tools-for-stm32.9-2020-q2-update.win32_2.0.0.202105311346/tools/bin/../lib/gcc/arm-none-eabi/9.3.1/../../../../arm-none-eabi/lib/thumb/v7e-m+fp/hard\libc_nano.a(lib_a-exit.o)
 .ARM.attributes
                0x0000000000000000       0x34 c:/st/stm32cubeide_1.8.0/stm32cubeide/plugins/com.st.stm32cube.ide.mcu.externaltools.gnu-tools-for-stm32.9-2020-q2-update.win32_2.0.0.202105311346/tools/bin/../lib/gcc/arm-none-eabi/9.3.1/../../../../arm-none-eabi/lib/thumb/v7e-m+fp/hard\libc_nano.a(lib_a-exit.o)
 .text          0x0000000000000000        0x0 c:/st/stm32cubeide_1.8.0/stm32cubeide/plugins/com.st.stm32cube.ide.mcu.externaltools.gnu-tools-for-stm32.9-2020-q2-update.win32_2.0.0.202105311346/tools/bin/../lib/gcc/arm-none-eabi/9.3.1/../../../../arm-none-eabi/lib/thumb/v7e-m+fp/hard\libc_nano.a(lib_a-impure.o)
 .data          0x0000000000000000        0x0 c:/st/stm32cubeide_1.8.0/stm32cubeide/plugins/com.st.stm32cube.ide.mcu.externaltools.gnu-tools-for-stm32.9-2020-q2-update.win32_2.0.0.202105311346/tools/bin/../lib/gcc/arm-none-eabi/9.3.1/../../../../arm-none-eabi/lib/thumb/v7e-m+fp/hard\libc_nano.a(lib_a-impure.o)
 .bss           0x0000000000000000        0x0 c:/st/stm32cubeide_1.8.0/stm32cubeide/plugins/com.st.stm32cube.ide.mcu.externaltools.gnu-tools-for-stm32.9-2020-q2-update.win32_2.0.0.202105311346/tools/bin/../lib/gcc/arm-none-eabi/9.3.1/../../../../arm-none-eabi/lib/thumb/v7e-m+fp/hard\libc_nano.a(lib_a-impure.o)
 .data._impure_ptr
                0x0000000000000000        0x4 c:/st/stm32cubeide_1.8.0/stm32cubeide/plugins/com.st.stm32cube.ide.mcu.externaltools.gnu-tools-for-stm32.9-2020-q2-update.win32_2.0.0.202105311346/tools/bin/../lib/gcc/arm-none-eabi/9.3.1/../../../../arm-none-eabi/lib/thumb/v7e-m+fp/hard\libc_nano.a(lib_a-impure.o)
 .data.impure_data
                0x0000000000000000       0x60 c:/st/stm32cubeide_1.8.0/stm32cubeide/plugins/com.st.stm32cube.ide.mcu.externaltools.gnu-tools-for-stm32.9-2020-q2-update.win32_2.0.0.202105311346/tools/bin/../lib/gcc/arm-none-eabi/9.3.1/../../../../arm-none-eabi/lib/thumb/v7e-m+fp/hard\libc_nano.a(lib_a-impure.o)
 .rodata._global_impure_ptr
                0x0000000000000000        0x4 c:/st/stm32cubeide_1.8.0/stm32cubeide/plugins/com.st.stm32cube.ide.mcu.externaltools.gnu-tools-for-stm32.9-2020-q2-update.win32_2.0.0.202105311346/tools/bin/../lib/gcc/arm-none-eabi/9.3.1/../../../../arm-none-eabi/lib/thumb/v7e-m+fp/hard\libc_nano.a(lib_a-impure.o)
 .ARM.attributes
                0x0000000000000000       0x32 c:/st/stm32cubeide_1.8.0/stm32cubeide/plugins/com.st.stm32cube.ide.mcu.externaltools.gnu-tools-for-stm32.9-2020-q2-update.win32_2.0.0.202105311346/tools/bin/../lib/gcc/arm-none-eabi/9.3.1/../../../../arm-none-eabi/lib/thumb/v7e-m+fp/hard\libc_nano.a(lib_a-impure.o)
 .text          0x0000000000000000        0x0 c:/st/stm32cubeide_1.8.0/stm32cubeide/plugins/com.st.stm32cube.ide.mcu.externaltools.gnu-tools-for-stm32.9-2020-q2-update.win32_2.0.0.202105311346/tools/bin/../lib/gcc/arm-none-eabi/9.3.1/../../../../arm-none-eabi/lib/thumb/v7e-m+fp/hard\libc_nano.a(lib_a-init.o)
 .data          0x0000000000000000        0x0 c:/st/stm32cubeide_1.8.0/stm32cubeide/plugins/com.st.stm32cube.ide.mcu.externaltools.gnu-tools-for-stm32.9-2020-q2-update.win32_2.0.0.202105311346/tools/bin/../lib/gcc/arm-none-eabi/9.3.1/../../../../arm-none-eabi/lib/thumb/v7e-m+fp/hard\libc_nano.a(lib_a-init.o)
 .bss           0x0000000000000000        0x0 c:/st/stm32cubeide_1.8.0/stm32cubeide/plugins/com.st.stm32cube.ide.mcu.externaltools.gnu-tools-for-stm32.9-2020-q2-update.win32_2.0.0.202105311346/tools/bin/../lib/gcc/arm-none-eabi/9.3.1/../../../../arm-none-eabi/lib/thumb/v7e-m+fp/hard\libc_nano.a(lib_a-init.o)
 .text          0x0000000000000000        0x0 c:/st/stm32cubeide_1.8.0/stm32cubeide/plugins/com.st.stm32cube.ide.mcu.externaltools.gnu-tools-for-stm32.9-2020-q2-update.win32_2.0.0.202105311346/tools/bin/../lib/gcc/arm-none-eabi/9.3.1/../../../../arm-none-eabi/lib/thumb/v7e-m+fp/hard\libc_nano.a(lib_a-memset.o)
 .data          0x0000000000000000        0x0 c:/st/stm32cubeide_1.8.0/stm32cubeide/plugins/com.st.stm32cube.ide.mcu.externaltools.gnu-tools-for-stm32.9-2020-q2-update.win32_2.0.0.202105311346/tools/bin/../lib/gcc/arm-none-eabi/9.3.1/../../../../arm-none-eabi/lib/thumb/v7e-m+fp/hard\libc_nano.a(lib_a-memset.o)
 .bss           0x0000000000000000        0x0 c:/st/stm32cubeide_1.8.0/stm32cubeide/plugins/com.st.stm32cube.ide.mcu.externaltools.gnu-tools-for-stm32.9-2020-q2-update.win32_2.0.0.202105311346/tools/bin/../lib/gcc/arm-none-eabi/9.3.1/../../../../arm-none-eabi/lib/thumb/v7e-m+fp/hard\libc_nano.a(lib_a-memset.o)
 .text.memset   0x0000000000000000       0x10 c:/st/stm32cubeide_1.8.0/stm32cubeide/plugins/com.st.stm32cube.ide.mcu.externaltools.gnu-tools-for-stm32.9-2020-q2-update.win32_2.0.0.202105311346/tools/bin/../lib/gcc/arm-none-eabi/9.3.1/../../../../arm-none-eabi/lib/thumb/v7e-m+fp/hard\libc_nano.a(lib_a-memset.o)
 .debug_frame   0x0000000000000000       0x20 c:/st/stm32cubeide_1.8.0/stm32cubeide/plugins/com.st.stm32cube.ide.mcu.externaltools.gnu-tools-for-stm32.9-2020-q2-update.win32_2.0.0.202105311346/tools/bin/../lib/gcc/arm-none-eabi/9.3.1/../../../../arm-none-eabi/lib/thumb/v7e-m+fp/hard\libc_nano.a(lib_a-memset.o)
 .ARM.attributes
                0x0000000000000000       0x34 c:/st/stm32cubeide_1.8.0/stm32cubeide/plugins/com.st.stm32cube.ide.mcu.externaltools.gnu-tools-for-stm32.9-2020-q2-update.win32_2.0.0.202105311346/tools/bin/../lib/gcc/arm-none-eabi/9.3.1/../../../../arm-none-eabi/lib/thumb/v7e-m+fp/hard\libc_nano.a(lib_a-memset.o)
 .text          0x0000000000000000        0x0 c:/st/stm32cubeide_1.8.0/stm32cubeide/plugins/com.st.stm32cube.ide.mcu.externaltools.gnu-tools-for-stm32.9-2020-q2-update.win32_2.0.0.202105311346/tools/bin/../lib/gcc/arm-none-eabi/9.3.1/thumb/v7e-m+fp/hard/crtend.o
 .data          0x0000000000000000        0x0 c:/st/stm32cubeide_1.8.0/stm32cubeide/plugins/com.st.stm32cube.ide.mcu.externaltools.gnu-tools-for-stm32.9-2020-q2-update.win32_2.0.0.202105311346/tools/bin/../lib/gcc/arm-none-eabi/9.3.1/thumb/v7e-m+fp/hard/crtend.o
 .bss           0x0000000000000000        0x0 c:/st/stm32cubeide_1.8.0/stm32cubeide/plugins/com.st.stm32cube.ide.mcu.externaltools.gnu-tools-for-stm32.9-2020-q2-update.win32_2.0.0.202105311346/tools/bin/../lib/gcc/arm-none-eabi/9.3.1/thumb/v7e-m+fp/hard/crtend.o
 .eh_frame      0x0000000000000000        0x4 c:/st/stm32cubeide_1.8.0/stm32cubeide/plugins/com.st.stm32cube.ide.mcu.externaltools.gnu-tools-for-stm32.9-2020-q2-update.win32_2.0.0.202105311346/tools/bin/../lib/gcc/arm-none-eabi/9.3.1/thumb/v7e-m+fp/hard/crtend.o
 .ARM.attributes
                0x0000000000000000       0x32 c:/st/stm32cubeide_1.8.0/stm32cubeide/plugins/com.st.stm32cube.ide.mcu.externaltools.gnu-tools-for-stm32.9-2020-q2-update.win32_2.0.0.202105311346/tools/bin/../lib/gcc/arm-none-eabi/9.3.1/thumb/v7e-m+fp/hard/crtend.o
 .text          0x0000000000000000        0x0 c:/st/stm32cubeide_1.8.0/stm32cubeide/plugins/com.st.stm32cube.ide.mcu.externaltools.gnu-tools-for-stm32.9-2020-q2-update.win32_2.0.0.202105311346/tools/bin/../lib/gcc/arm-none-eabi/9.3.1/thumb/v7e-m+fp/hard/crtn.o
 .data          0x0000000000000000        0x0 c:/st/stm32cubeide_1.8.0/stm32cubeide/plugins/com.st.stm32cube.ide.mcu.externaltools.gnu-tools-for-stm32.9-2020-q2-update.win32_2.0.0.202105311346/tools/bin/../lib/gcc/arm-none-eabi/9.3.1/thumb/v7e-m+fp/hard/crtn.o
 .bss           0x0000000000000000        0x0 c:/st/stm32cubeide_1.8.0/stm32cubeide/plugins/com.st.stm32cube.ide.mcu.externaltools.gnu-tools-for-stm32.9-2020-q2-update.win32_2.0.0.202105311346/tools/bin/../lib/gcc/arm-none-eabi/9.3.1/thumb/v7e-m+fp/hard/crtn.o

Memory Configuration

Name             Origin             Length             Attributes
CCMRAM           0x0000000010000000 0x0000000000004000 xrw
RAM              0x0000000020000000 0x0000000000010000 xrw
FLASH            0x0000000008000000 0x0000000000080000 xr
*default*        0x0000000000000000 0xffffffffffffffff

Linker script and memory map

LOAD c:/st/stm32cubeide_1.8.0/stm32cubeide/plugins/com.st.stm32cube.ide.mcu.externaltools.gnu-tools-for-stm32.9-2020-q2-update.win32_2.0.0.202105311346/tools/bin/../lib/gcc/arm-none-eabi/9.3.1/thumb/v7e-m+fp/hard/crti.o
LOAD c:/st/stm32cubeide_1.8.0/stm32cubeide/plugins/com.st.stm32cube.ide.mcu.externaltools.gnu-tools-for-stm32.9-2020-q2-update.win32_2.0.0.202105311346/tools/bin/../lib/gcc/arm-none-eabi/9.3.1/thumb/v7e-m+fp/hard/crtbegin.o
LOAD c:/st/stm32cubeide_1.8.0/stm32cubeide/plugins/com.st.stm32cube.ide.mcu.externaltools.gnu-tools-for-stm32.9-2020-q2-update.win32_2.0.0.202105311346/tools/bin/../lib/gcc/arm-none-eabi/9.3.1/../../../../arm-none-eabi/lib/thumb/v7e-m+fp/hard/crt0.o
LOAD ./Drivers/STM32F3xx_LL_Driver/Src/stm32f3xx_ll_adc.o
LOAD ./Drivers/STM32F3xx_LL_Driver/Src/stm32f3xx_ll_comp.o
LOAD ./Drivers/STM32F3xx_LL_Driver/Src/stm32f3xx_ll_crc.o
LOAD ./Drivers/STM32F3xx_LL_Driver/Src/stm32f3xx_ll_dac.o
LOAD ./Drivers/STM32F3xx_LL_Driver/Src/stm32f3xx_ll_dma.o
LOAD ./Drivers/STM32F3xx_LL_Driver/Src/stm32f3xx_ll_exti.o
LOAD ./Drivers/STM32F3xx_LL_Driver/Src/stm32f3xx_ll_gpio.o
LOAD ./Drivers/STM32F3xx_LL_Driver/Src/stm32f3xx_ll_hrtim.o
LOAD ./Drivers/STM32F3xx_LL_Driver/Src/stm32f3xx_ll_i2c.o
LOAD ./Drivers/STM32F3xx_LL_Driver/Src/stm32f3xx_ll_opamp.o
LOAD ./Drivers/STM32F3xx_LL_Driver/Src/stm32f3xx_ll_pwr.o
LOAD ./Drivers/STM32F3xx_LL_Driver/Src/stm32f3xx_ll_rcc.o
LOAD ./Drivers/STM32F3xx_LL_Driver/Src/stm32f3xx_ll_rtc.o
LOAD ./Drivers/STM32F3xx_LL_Driver/Src/stm32f3xx_ll_spi.o
LOAD ./Drivers/STM32F3xx_LL_Driver/Src/stm32f3xx_ll_tim.o
LOAD ./Drivers/STM32F3xx_LL_Driver/Src/stm32f3xx_ll_usart.o
LOAD ./Drivers/STM32F3xx_LL_Driver/Src/stm32f3xx_ll_utils.o
LOAD ./Src/main.o
LOAD ./Src/syscalls.o
LOAD ./Src/sysmem.o
LOAD ./Src/system_stm32f3xx.o
LOAD ./Startup/startup_stm32f303retx.o
START GROUP
LOAD c:/st/stm32cubeide_1.8.0/stm32cubeide/plugins/com.st.stm32cube.ide.mcu.externaltools.gnu-tools-for-stm32.9-2020-q2-update.win32_2.0.0.202105311346/tools/bin/../lib/gcc/arm-none-eabi/9.3.1/../../../../arm-none-eabi/lib/thumb/v7e-m+fp/hard\libc_nano.a
LOAD c:/st/stm32cubeide_1.8.0/stm32cubeide/plugins/com.st.stm32cube.ide.mcu.externaltools.gnu-tools-for-stm32.9-2020-q2-update.win32_2.0.0.202105311346/tools/bin/../lib/gcc/arm-none-eabi/9.3.1/../../../../arm-none-eabi/lib/thumb/v7e-m+fp/hard\libm.a
END GROUP
START GROUP
LOAD c:/st/stm32cubeide_1.8.0/stm32cubeide/plugins/com.st.stm32cube.ide.mcu.externaltools.gnu-tools-for-stm32.9-2020-q2-update.win32_2.0.0.202105311346/tools/bin/../lib/gcc/arm-none-eabi/9.3.1/thumb/v7e-m+fp/hard\libgcc.a
LOAD c:/st/stm32cubeide_1.8.0/stm32cubeide/plugins/com.st.stm32cube.ide.mcu.externaltools.gnu-tools-for-stm32.9-2020-q2-update.win32_2.0.0.202105311346/tools/bin/../lib/gcc/arm-none-eabi/9.3.1/../../../../arm-none-eabi/lib/thumb/v7e-m+fp/hard\libc_nano.a
END GROUP
START GROUP
LOAD c:/st/stm32cubeide_1.8.0/stm32cubeide/plugins/com.st.stm32cube.ide.mcu.externaltools.gnu-tools-for-stm32.9-2020-q2-update.win32_2.0.0.202105311346/tools/bin/../lib/gcc/arm-none-eabi/9.3.1/thumb/v7e-m+fp/hard\libgcc.a
LOAD c:/st/stm32cubeide_1.8.0/stm32cubeide/plugins/com.st.stm32cube.ide.mcu.externaltools.gnu-tools-for-stm32.9-2020-q2-update.win32_2.0.0.202105311346/tools/bin/../lib/gcc/arm-none-eabi/9.3.1/../../../../arm-none-eabi/lib/thumb/v7e-m+fp/hard\libc_nano.a
LOAD c:/st/stm32cubeide_1.8.0/stm32cubeide/plugins/com.st.stm32cube.ide.mcu.externaltools.gnu-tools-for-stm32.9-2020-q2-update.win32_2.0.0.202105311346/tools/bin/../lib/gcc/arm-none-eabi/9.3.1/../../../../arm-none-eabi/lib/thumb/v7e-m+fp/hard\libnosys.a
END GROUP
START GROUP
LOAD c:/st/stm32cubeide_1.8.0/stm32cubeide/plugins/com.st.stm32cube.ide.mcu.externaltools.gnu-tools-for-stm32.9-2020-q2-update.win32_2.0.0.202105311346/tools/bin/../lib/gcc/arm-none-eabi/9.3.1/thumb/v7e-m+fp/hard\libgcc.a
LOAD c:/st/stm32cubeide_1.8.0/stm32cubeide/plugins/com.st.stm32cube.ide.mcu.externaltools.gnu-tools-for-stm32.9-2020-q2-update.win32_2.0.0.202105311346/tools/bin/../lib/gcc/arm-none-eabi/9.3.1/../../../../arm-none-eabi/lib/thumb/v7e-m+fp/hard\libc_nano.a
LOAD c:/st/stm32cubeide_1.8.0/stm32cubeide/plugins/com.st.stm32cube.ide.mcu.externaltools.gnu-tools-for-stm32.9-2020-q2-update.win32_2.0.0.202105311346/tools/bin/../lib/gcc/arm-none-eabi/9.3.1/../../../../arm-none-eabi/lib/thumb/v7e-m+fp/hard\libnosys.a
END GROUP
LOAD c:/st/stm32cubeide_1.8.0/stm32cubeide/plugins/com.st.stm32cube.ide.mcu.externaltools.gnu-tools-for-stm32.9-2020-q2-update.win32_2.0.0.202105311346/tools/bin/../lib/gcc/arm-none-eabi/9.3.1/thumb/v7e-m+fp/hard/crtend.o
LOAD c:/st/stm32cubeide_1.8.0/stm32cubeide/plugins/com.st.stm32cube.ide.mcu.externaltools.gnu-tools-for-stm32.9-2020-q2-update.win32_2.0.0.202105311346/tools/bin/../lib/gcc/arm-none-eabi/9.3.1/thumb/v7e-m+fp/hard/crtn.o
                0x0000000020010000                _estack = (ORIGIN (RAM) + LENGTH (RAM))
                0x0000000000000200                _Min_Heap_Size = 0x200
                0x0000000000000400                _Min_Stack_Size = 0x400

.isr_vector     0x0000000008000000      0x194
                0x0000000008000000                . = ALIGN (0x4)
 *(.isr_vector)
 .isr_vector    0x0000000008000000      0x194 ./Startup/startup_stm32f303retx.o
                0x0000000008000000                g_pfnVectors
                0x0000000008000194                . = ALIGN (0x4)

.text           0x0000000008000194      0x128
                0x0000000008000194                . = ALIGN (0x4)
 *(.text)
 .text          0x0000000008000194       0x40 c:/st/stm32cubeide_1.8.0/stm32cubeide/plugins/com.st.stm32cube.ide.mcu.externaltools.gnu-tools-for-stm32.9-2020-q2-update.win32_2.0.0.202105311346/tools/bin/../lib/gcc/arm-none-eabi/9.3.1/thumb/v7e-m+fp/hard/crtbegin.o
 *(.text*)
 .text.main     0x00000000080001d4        0x6 ./Src/main.o
                0x00000000080001d4                main
 *fill*         0x00000000080001da        0x2 
 .text.SystemInit
                0x00000000080001dc       0x2c ./Src/system_stm32f3xx.o
                0x00000000080001dc                SystemInit
 .text.Reset_Handler
                0x0000000008000208       0x50 ./Startup/startup_stm32f303retx.o
                0x0000000008000208                Reset_Handler
 .text.Default_Handler
                0x0000000008000258        0x2 ./Startup/startup_stm32f303retx.o
                0x0000000008000258                TIM8_TRG_COM_IRQHandler
                0x0000000008000258                TIM8_CC_IRQHandler
                0x0000000008000258                DebugMon_Handler
                0x0000000008000258                DMA1_CH4_IRQHandler
                0x0000000008000258                SPI4_IRQHandler
                0x0000000008000258                TIM1_CC_IRQHandler
                0x0000000008000258                HardFault_Handler
                0x0000000008000258                USB_HP_IRQHandler
                0x0000000008000258                I2C2_EV_EXTI24_IRQHandler
                0x0000000008000258                SysTick_Handler
                0x0000000008000258                USB_WKUP_EXTI_IRQHandler
                0x0000000008000258                PVD_IRQHandler
                0x0000000008000258                UART4_EXTI34_IRQHandler
                0x0000000008000258                TAMP_STAMP_IRQHandler
                0x0000000008000258                PendSV_Handler
                0x0000000008000258                NMI_Handler
                0x0000000008000258                EXTI3_IRQHandler
                0x0000000008000258                I2C3_ER_IRQHandler
                0x0000000008000258                TIM6_DACUNDER_IRQHandler
                0x0000000008000258                USB_HP_CAN_TX_IRQHandler
                0x0000000008000258                EXTI0_IRQHandler
                0x0000000008000258                DMA2_CH1_IRQHandler
                0x0000000008000258                FPU_IRQHandler
                0x0000000008000258                TIM1_UP_TIM16_IRQHandler
                0x0000000008000258                UsageFault_Handler
                0x0000000008000258                ADC1_2_IRQHandler
                0x0000000008000258                SPI1_IRQHandler
                0x0000000008000258                CAN_SCE_IRQHandler
                0x0000000008000258                DMA1_CH7_IRQHandler
                0x0000000008000258                TIM8_UP_IRQHandler
                0x0000000008000258                COMP456_IRQHandler
                0x0000000008000258                DMA1_CH6_IRQHandler
                0x0000000008000258                TIM20_TRG_COM_IRQHandler
                0x0000000008000258                ADC3_IRQHandler
                0x0000000008000258                TIM4_IRQHandler
                0x0000000008000258                CAN_RX1_IRQHandler
                0x0000000008000258                USART1_EXTI25_IRQHandler
                0x0000000008000258                DMA2_CH5_IRQHandler
                0x0000000008000258                I2C1_EV_EXTI23_IRQHandler
                0x0000000008000258                DMA1_CH3_IRQHandler
                0x0000000008000258                TIM3_IRQHandler
                0x0000000008000258                RCC_IRQHandler
                0x0000000008000258                TIM20_UP_IRQHandler
                0x0000000008000258                Default_Handler
                0x0000000008000258                EXTI15_10_IRQHandler
                0x0000000008000258                USART2_EXTI26_IRQHandler
                0x0000000008000258                USART3_EXTI28_IRQHandler
                0x0000000008000258                TIM7_IRQHandler
                0x0000000008000258                I2C3_EV_IRQHandler
                0x0000000008000258                EXTI9_5_IRQHandler
                0x0000000008000258                DMA1_CH2_IRQHandler
                0x0000000008000258                RTC_WKUP_IRQHandler
                0x0000000008000258                SPI2_IRQHandler
                0x0000000008000258                DMA1_CH1_IRQHandler
                0x0000000008000258                USB_LP_CAN_RX0_IRQHandler
                0x0000000008000258                MemManage_Handler
                0x0000000008000258                COMP123_IRQHandler
                0x0000000008000258                SVC_Handler
                0x0000000008000258                USB_LP_IRQHandler
                0x0000000008000258                EXTI4_IRQHandler
                0x0000000008000258                TIM1_TRG_COM_TIM17_IRQHandler
                0x0000000008000258                ADC4_IRQHandler
                0x0000000008000258                WWDG_IRQHandler
                0x0000000008000258                TIM2_IRQHandler
                0x0000000008000258                COMP7_IRQHandler
                0x0000000008000258                EXTI1_IRQHandler
                0x0000000008000258                RTCAlarm_IRQHandler
                0x0000000008000258                UART5_EXTI35_IRQHandler
                0x0000000008000258                TIM20_BRK_IRQHandler
                0x0000000008000258                I2C2_ER_IRQHandler
                0x0000000008000258                TIM8_BRK_IRQHandler
                0x0000000008000258                FLASH_IRQHandler
                0x0000000008000258                TIM20_CC_IRQHandler
                0x0000000008000258                BusFault_Handler
                0x0000000008000258                SPI3_IRQHandler
                0x0000000008000258                DMA2_CH3_IRQHandler
                0x0000000008000258                DMA2_CH2_IRQHandler
                0x0000000008000258                I2C1_ER_IRQHandler
                0x0000000008000258                FMC_IRQHandler
                0x0000000008000258                DMA1_CH5_IRQHandler
                0x0000000008000258                DMA2_CH4_IRQHandler
                0x0000000008000258                USB_WKUP_IRQHandler
                0x0000000008000258                EXTI2_TSC_IRQHandler
                0x0000000008000258                TIM1_BRK_TIM15_IRQHandler
 *fill*         0x000000000800025a        0x2 
 .text.__libc_init_array
                0x000000000800025c       0x48 c:/st/stm32cubeide_1.8.0/stm32cubeide/plugins/com.st.stm32cube.ide.mcu.externaltools.gnu-tools-for-stm32.9-2020-q2-update.win32_2.0.0.202105311346/tools/bin/../lib/gcc/arm-none-eabi/9.3.1/../../../../arm-none-eabi/lib/thumb/v7e-m+fp/hard\libc_nano.a(lib_a-init.o)
                0x000000000800025c                __libc_init_array
 *(.glue_7)
 .glue_7        0x00000000080002a4        0x0 linker stubs
 *(.glue_7t)
 .glue_7t       0x00000000080002a4        0x0 linker stubs
 *(.eh_frame)
 .eh_frame      0x00000000080002a4        0x0 c:/st/stm32cubeide_1.8.0/stm32cubeide/plugins/com.st.stm32cube.ide.mcu.externaltools.gnu-tools-for-stm32.9-2020-q2-update.win32_2.0.0.202105311346/tools/bin/../lib/gcc/arm-none-eabi/9.3.1/thumb/v7e-m+fp/hard/crtbegin.o
 *(.init)
 .init          0x00000000080002a4        0x4 c:/st/stm32cubeide_1.8.0/stm32cubeide/plugins/com.st.stm32cube.ide.mcu.externaltools.gnu-tools-for-stm32.9-2020-q2-update.win32_2.0.0.202105311346/tools/bin/../lib/gcc/arm-none-eabi/9.3.1/thumb/v7e-m+fp/hard/crti.o
                0x00000000080002a4                _init
 .init          0x00000000080002a8        0x8 c:/st/stm32cubeide_1.8.0/stm32cubeide/plugins/com.st.stm32cube.ide.mcu.externaltools.gnu-tools-for-stm32.9-2020-q2-update.win32_2.0.0.202105311346/tools/bin/../lib/gcc/arm-none-eabi/9.3.1/thumb/v7e-m+fp/hard/crtn.o
 *(.fini)
 .fini          0x00000000080002b0        0x4 c:/st/stm32cubeide_1.8.0/stm32cubeide/plugins/com.st.stm32cube.ide.mcu.externaltools.gnu-tools-for-stm32.9-2020-q2-update.win32_2.0.0.202105311346/tools/bin/../lib/gcc/arm-none-eabi/9.3.1/thumb/v7e-m+fp/hard/crti.o
                0x00000000080002b0                _fini
 .fini          0x00000000080002b4        0x8 c:/st/stm32cubeide_1.8.0/stm32cubeide/plugins/com.st.stm32cube.ide.mcu.externaltools.gnu-tools-for-stm32.9-2020-q2-update.win32_2.0.0.202105311346/tools/bin/../lib/gcc/arm-none-eabi/9.3.1/thumb/v7e-m+fp/hard/crtn.o
                0x00000000080002bc                . = ALIGN (0x4)
                0x00000000080002bc                _etext = .

.vfp11_veneer   0x00000000080002bc        0x0
 .vfp11_veneer  0x00000000080002bc        0x0 linker stubs

.v4_bx          0x00000000080002bc        0x0
 .v4_bx         0x00000000080002bc        0x0 linker stubs

.iplt           0x00000000080002bc        0x0
 .iplt          0x00000000080002bc        0x0 c:/st/stm32cubeide_1.8.0/stm32cubeide/plugins/com.st.stm32cube.ide.mcu.externaltools.gnu-tools-for-stm32.9-2020-q2-update.win32_2.0.0.202105311346/tools/bin/../lib/gcc/arm-none-eabi/9.3.1/thumb/v7e-m+fp/hard/crtbegin.o

.rel.dyn        0x00000000080002bc        0x0
 .rel.iplt      0x00000000080002bc        0x0 c:/st/stm32cubeide_1.8.0/stm32cubeide/plugins/com.st.stm32cube.ide.mcu.externaltools.gnu-tools-for-stm32.9-2020-q2-update.win32_2.0.0.202105311346/tools/bin/../lib/gcc/arm-none-eabi/9.3.1/thumb/v7e-m+fp/hard/crtbegin.o

.rodata         0x00000000080002bc        0x0
                0x00000000080002bc                . = ALIGN (0x4)
 *(.rodata)
 *(.rodata*)
                0x00000000080002bc                . = ALIGN (0x4)

.ARM.extab      0x00000000080002bc        0x0
                0x00000000080002bc                . = ALIGN (0x4)
 *(.ARM.extab* .gnu.linkonce.armextab.*)
                0x00000000080002bc                . = ALIGN (0x4)

.ARM            0x00000000080002bc        0x0
                0x00000000080002bc                . = ALIGN (0x4)
                0x00000000080002bc                __exidx_start = .
 *(.ARM.exidx*)
                0x00000000080002bc                __exidx_end = .
                0x00000000080002bc                . = ALIGN (0x4)

.preinit_array  0x00000000080002bc        0x0
                0x00000000080002bc                . = ALIGN (0x4)
                0x00000000080002bc                PROVIDE (__preinit_array_start = .)
 *(.preinit_array*)
                0x00000000080002bc                PROVIDE (__preinit_array_end = .)
                0x00000000080002bc                . = ALIGN (0x4)

.init_array     0x00000000080002bc        0x4
                0x00000000080002bc                . = ALIGN (0x4)
                0x00000000080002bc                PROVIDE (__init_array_start = .)
 *(SORT_BY_NAME(.init_array.*))
 *(.init_array*)
 .init_array    0x00000000080002bc        0x4 c:/st/stm32cubeide_1.8.0/stm32cubeide/plugins/com.st.stm32cube.ide.mcu.externaltools.gnu-tools-for-stm32.9-2020-q2-update.win32_2.0.0.202105311346/tools/bin/../lib/gcc/arm-none-eabi/9.3.1/thumb/v7e-m+fp/hard/crtbegin.o
                0x00000000080002c0                PROVIDE (__init_array_end = .)
                0x00000000080002c0                . = ALIGN (0x4)

.fini_array     0x00000000080002c0        0x4
                0x00000000080002c0                . = ALIGN (0x4)
                [!provide]                        PROVIDE (__fini_array_start = .)
 *(SORT_BY_NAME(.fini_array.*))
 *(.fini_array*)
 .fini_array    0x00000000080002c0        0x4 c:/st/stm32cubeide_1.8.0/stm32cubeide/plugins/com.st.stm32cube.ide.mcu.externaltools.gnu-tools-for-stm32.9-2020-q2-update.win32_2.0.0.202105311346/tools/bin/../lib/gcc/arm-none-eabi/9.3.1/thumb/v7e-m+fp/hard/crtbegin.o
                [!provide]                        PROVIDE (__fini_array_end = .)
                0x00000000080002c4                . = ALIGN (0x4)
                0x00000000080002c4                _sidata = LOADADDR (.data)

.data           0x0000000020000000        0x0 load address 0x00000000080002c4
                0x0000000020000000                . = ALIGN (0x4)
                0x0000000020000000                _sdata = .
 *(.data)
 *(.data*)
 *(.RamFunc)
 *(.RamFunc*)
                0x0000000020000000                . = ALIGN (0x4)
                0x0000000020000000                _edata = .
                0x00000000080002c4                _siccmram = LOADADDR (.ccmram)

.igot.plt       0x0000000020000000        0x0 load address 0x00000000080002c4
 .igot.plt      0x0000000020000000        0x0 c:/st/stm32cubeide_1.8.0/stm32cubeide/plugins/com.st.stm32cube.ide.mcu.externaltools.gnu-tools-for-stm32.9-2020-q2-update.win32_2.0.0.202105311346/tools/bin/../lib/gcc/arm-none-eabi/9.3.1/thumb/v7e-m+fp/hard/crtbegin.o

.ccmram         0x0000000010000000        0x0 load address 0x00000000080002c4
                0x0000000010000000                . = ALIGN (0x4)
                0x0000000010000000                _sccmram = .
 *(.ccmram)
 *(.ccmram*)
                0x0000000010000000                . = ALIGN (0x4)
                0x0000000010000000                _eccmram = .
                0x0000000010000000                . = ALIGN (0x4)

.bss            0x0000000020000000       0x1c
                0x0000000020000000                _sbss = .
                0x0000000020000000                __bss_start__ = _sbss
 *(.bss)
 .bss           0x0000000020000000       0x1c c:/st/stm32cubeide_1.8.0/stm32cubeide/plugins/com.st.stm32cube.ide.mcu.externaltools.gnu-tools-for-stm32.9-2020-q2-update.win32_2.0.0.202105311346/tools/bin/../lib/gcc/arm-none-eabi/9.3.1/thumb/v7e-m+fp/hard/crtbegin.o
 *(.bss*)
 *(COMMON)
                0x000000002000001c                . = ALIGN (0x4)
                0x000000002000001c                _ebss = .
                0x000000002000001c                __bss_end__ = _ebss

._user_heap_stack
                0x000000002000001c      0x604
                0x0000000020000020                . = ALIGN (0x8)
 *fill*         0x000000002000001c        0x4 
                [!provide]                        PROVIDE (end = .)
                0x0000000020000020                PROVIDE (_end = .)
                0x0000000020000220                . = (. + _Min_Heap_Size)
 *fill*         0x0000000020000020      0x200 
                0x0000000020000620                . = (. + _Min_Stack_Size)
 *fill*         0x0000000020000220      0x400 
                0x0000000020000620                . = ALIGN (0x8)

/DISCARD/
 libc.a(*)
 libm.a(*)
 libgcc.a(*)

.ARM.attributes
                0x0000000000000000       0x30
 *(.ARM.attributes)
 .ARM.attributes
                0x0000000000000000       0x1e c:/st/stm32cubeide_1.8.0/stm32cubeide/plugins/com.st.stm32cube.ide.mcu.externaltools.gnu-tools-for-stm32.9-2020-q2-update.win32_2.0.0.202105311346/tools/bin/../lib/gcc/arm-none-eabi/9.3.1/thumb/v7e-m+fp/hard/crti.o
 .ARM.attributes
                0x000000000000001e       0x34 c:/st/stm32cubeide_1.8.0/stm32cubeide/plugins/com.st.stm32cube.ide.mcu.externaltools.gnu-tools-for-stm32.9-2020-q2-update.win32_2.0.0.202105311346/tools/bin/../lib/gcc/arm-none-eabi/9.3.1/thumb/v7e-m+fp/hard/crtbegin.o
 .ARM.attributes
                0x0000000000000052       0x34 ./Src/main.o
 .ARM.attributes
                0x0000000000000086       0x34 ./Src/system_stm32f3xx.o
 .ARM.attributes
                0x00000000000000ba       0x21 ./Startup/startup_stm32f303retx.o
 .ARM.attributes
                0x00000000000000db       0x34 c:/st/stm32cubeide_1.8.0/stm32cubeide/plugins/com.st.stm32cube.ide.mcu.externaltools.gnu-tools-for-stm32.9-2020-q2-update.win32_2.0.0.202105311346/tools/bin/../lib/gcc/arm-none-eabi/9.3.1/../../../../arm-none-eabi/lib/thumb/v7e-m+fp/hard\libc_nano.a(lib_a-init.o)
 .ARM.attributes
                0x000000000000010f       0x1e c:/st/stm32cubeide_1.8.0/stm32cubeide/plugins/com.st.stm32cube.ide.mcu.externaltools.gnu-tools-for-stm32.9-2020-q2-update.win32_2.0.0.202105311346/tools/bin/../lib/gcc/arm-none-eabi/9.3.1/thumb/v7e-m+fp/hard/crtn.o
OUTPUT(LL_test.elf elf32-littlearm)
LOAD linker stubs
LOAD c:/st/stm32cubeide_1.8.0/stm32cubeide/plugins/com.st.stm32cube.ide.mcu.externaltools.gnu-tools-for-stm32.9-2020-q2-update.win32_2.0.0.202105311346/tools/bin/../lib/gcc/arm-none-eabi/9.3.1/../../../../arm-none-eabi/lib/thumb/v7e-m+fp/hard\libc.a
LOAD c:/st/stm32cubeide_1.8.0/stm32cubeide/plugins/com.st.stm32cube.ide.mcu.externaltools.gnu-tools-for-stm32.9-2020-q2-update.win32_2.0.0.202105311346/tools/bin/../lib/gcc/arm-none-eabi/9.3.1/../../../../arm-none-eabi/lib/thumb/v7e-m+fp/hard\libm.a
LOAD c:/st/stm32cubeide_1.8.0/stm32cubeide/plugins/com.st.stm32cube.ide.mcu.externaltools.gnu-tools-for-stm32.9-2020-q2-update.win32_2.0.0.202105311346/tools/bin/../lib/gcc/arm-none-eabi/9.3.1/thumb/v7e-m+fp/hard\libgcc.a

.debug_info     0x0000000000000000      0x4e1
 .debug_info    0x0000000000000000       0x86 ./Src/main.o
 .debug_info    0x0000000000000086      0x439 ./Src/system_stm32f3xx.o
 .debug_info    0x00000000000004bf       0x22 ./Startup/startup_stm32f303retx.o

.debug_abbrev   0x0000000000000000      0x184
 .debug_abbrev  0x0000000000000000       0x49 ./Src/main.o
 .debug_abbrev  0x0000000000000049      0x129 ./Src/system_stm32f3xx.o
 .debug_abbrev  0x0000000000000172       0x12 ./Startup/startup_stm32f303retx.o

.debug_aranges  0x0000000000000000       0x70
 .debug_aranges
                0x0000000000000000       0x20 ./Src/main.o
 .debug_aranges
                0x0000000000000020       0x28 ./Src/system_stm32f3xx.o
 .debug_aranges
                0x0000000000000048       0x28 ./Startup/startup_stm32f303retx.o

.debug_ranges   0x0000000000000000       0x48
 .debug_ranges  0x0000000000000000       0x10 ./Src/main.o
 .debug_ranges  0x0000000000000010       0x18 ./Src/system_stm32f3xx.o
 .debug_ranges  0x0000000000000028       0x20 ./Startup/startup_stm32f303retx.o

.debug_macro    0x0000000000000000      0x143
 .debug_macro   0x0000000000000000       0x63 ./Src/main.o
 .debug_macro   0x0000000000000063       0xe0 ./Src/system_stm32f3xx.o

.debug_line     0x0000000000000000      0x93f
 .debug_line    0x0000000000000000      0x385 ./Src/main.o
 .debug_line    0x0000000000000385      0x536 ./Src/system_stm32f3xx.o
 .debug_line    0x00000000000008bb       0x84 ./Startup/startup_stm32f303retx.o

.debug_str      0x0000000000000000    0x82af1
 .debug_str     0x0000000000000000     0x3b7f ./Src/main.o
                                       0x3cda (size before relaxing)
 .debug_str     0x0000000000003b7f    0x7ef41 ./Src/system_stm32f3xx.o
                                      0x82c21 (size before relaxing)
 .debug_str     0x0000000000082ac0       0x31 ./Startup/startup_stm32f303retx.o
                                         0x69 (size before relaxing)

.comment        0x0000000000000000       0x53
 .comment       0x0000000000000000       0x53 ./Src/main.o
                                         0x54 (size before relaxing)
 .comment       0x0000000000000053       0x54 ./Src/system_stm32f3xx.o

.debug_frame    0x0000000000000000       0xac
 .debug_frame   0x0000000000000000       0x28 ./Src/main.o
 .debug_frame   0x0000000000000028       0x58 ./Src/system_stm32f3xx.o
 .debug_frame   0x0000000000000080       0x2c c:/st/stm32cubeide_1.8.0/stm32cubeide/plugins/com.st.stm32cube.ide.mcu.externaltools.gnu-tools-for-stm32.9-2020-q2-update.win32_2.0.0.202105311346/tools/bin/../lib/gcc/arm-none-eabi/9.3.1/../../../../arm-none-eabi/lib/thumb/v7e-m+fp/hard\libc_nano.a(lib_a-init.o)
